MPLINK 5.08, LINKER
Linker Map File - Created Mon Mar 21 10:36:56 2016

                                 Section Info
                  Section       Type    Address   Location Size(Bytes)
                ---------  ---------  ---------  ---------  ---------
                   .org_0       code   0x000000    program   0x000004
                   .cinit    romdata   0x000004    program   0x000002
                   .org_1       code   0x000008    program   0x001d74
                    .code       code   0x001d7c    program   0x00010a
                    dbgP0       code   0x00fdc0    program   0x000240
.config_300001_BUILD/DEFAULT/DEBUG/LCDATA.O    romdata   0x300001    program   0x000001
.config_300002_BUILD/DEFAULT/DEBUG/LCDATA.O    romdata   0x300002    program   0x000001
.config_300003_BUILD/DEFAULT/DEBUG/LCDATA.O    romdata   0x300003    program   0x000001
.config_300005_BUILD/DEFAULT/DEBUG/LCDATA.O    romdata   0x300005    program   0x000001
.config_300006_BUILD/DEFAULT/DEBUG/LCDATA.O    romdata   0x300006    program   0x000001
.config_300008_BUILD/DEFAULT/DEBUG/LCDATA.O    romdata   0x300008    program   0x000001
.config_300009_BUILD/DEFAULT/DEBUG/LCDATA.O    romdata   0x300009    program   0x000001
.config_30000A_BUILD/DEFAULT/DEBUG/LCDATA.O    romdata   0x30000a    program   0x000001
.config_30000B_BUILD/DEFAULT/DEBUG/LCDATA.O    romdata   0x30000b    program   0x000001
.config_30000C_BUILD/DEFAULT/DEBUG/LCDATA.O    romdata   0x30000c    program   0x000001
.config_30000D_BUILD/DEFAULT/DEBUG/LCDATA.O    romdata   0x30000d    program   0x000001
                   .udata      udata   0x000080       data   0x000009
                    dbgD0      udata   0x000ef4       data   0x00000c



                              Program Memory Usage 
                               Start         End      
                           ---------   ---------      
                            0x000000    0x000005      
                            0x000008    0x001e85      
                            0x00fdc0    0x00ffff      
                            0x300001    0x300003      
                            0x300005    0x300006      
                            0x300008    0x30000d      
            8399 out of 66584 program addresses used, program memory utilization is 12%



                              Symbols - Sorted by Name
                     Name    Address   Location    Storage File                     
                ---------  ---------  ---------  --------- ---------                
                   Atestb   0x000506    program     static C:\Users\Connal\Desktop\Robot\LCData.X\LCData.asm
                   Atestf   0x0004f0    program     static C:\Users\Connal\Desktop\Robot\LCData.X\LCData.asm
                   Barrel   0x0000b6    program     static C:\Users\Connal\Desktop\Robot\LCData.X\LCData.asm
                   ClkLCD   0x001e54    program     extern C:\Users\Connal\Desktop\Robot\LCData.X\lcd.asm
                   ClrLCD   0x001e44    program     extern C:\Users\Connal\Desktop\Robot\LCData.X\lcd.asm
               DirectionC   0x001a9c    program     static C:\Users\Connal\Desktop\Robot\LCData.X\LCData.asm
                     Done   0x00007c    program     static C:\Users\Connal\Desktop\Robot\LCData.X\LCData.asm
                    Done2   0x000080    program     static C:\Users\Connal\Desktop\Robot\LCData.X\LCData.asm
                    Done3   0x000086    program     static C:\Users\Connal\Desktop\Robot\LCData.X\LCData.asm
                    Done4   0x0000a6    program     static C:\Users\Connal\Desktop\Robot\LCData.X\LCData.asm
                    Done5   0x0000ac    program     static C:\Users\Connal\Desktop\Robot\LCData.X\LCData.asm
                    Done6   0x0000b0    program     static C:\Users\Connal\Desktop\Robot\LCData.X\LCData.asm
                   Emptys   0x000116    program     static C:\Users\Connal\Desktop\Robot\LCData.X\LCData.asm
                    Fulls   0x0000ba    program     static C:\Users\Connal\Desktop\Robot\LCData.X\LCData.asm
                 Gyroinit   0x0003f8    program     static C:\Users\Connal\Desktop\Robot\LCData.X\LCData.asm
                    Halfs   0x00010e    program     static C:\Users\Connal\Desktop\Robot\LCData.X\LCData.asm
                      Hob   0x000136    program     static C:\Users\Connal\Desktop\Robot\LCData.X\LCData.asm
                     Init   0x000428    program     static C:\Users\Connal\Desktop\Robot\LCData.X\LCData.asm
                  InitLCD   0x001d7c    program     extern C:\Users\Connal\Desktop\Robot\LCData.X\lcd.asm
                LCD_DELAY   0x001d32    program     static C:\Users\Connal\Desktop\Robot\LCData.X\LCData.asm
                 LLD_LOOP   0x001d32    program     static C:\Users\Connal\Desktop\Robot\LCData.X\LCData.asm
                 LLD_LOOP   0x001e74    program     static C:\Users\Connal\Desktop\Robot\LCData.X\lcd.asm
                LS_module   0x001a16    program     static C:\Users\Connal\Desktop\Robot\LCData.X\LCData.asm
                   LSloop   0x001a1e    program     static C:\Users\Connal\Desktop\Robot\LCData.X\LCData.asm
                  LeftInt   0x00006e    program     static C:\Users\Connal\Desktop\Robot\LCData.X\LCData.asm
                    LeftT   0x000592    program     static C:\Users\Connal\Desktop\Robot\LCData.X\LCData.asm
                 Location   0x0000c2    program     static C:\Users\Connal\Desktop\Robot\LCData.X\LCData.asm
                   MGinit   0x000408    program     static C:\Users\Connal\Desktop\Robot\LCData.X\LCData.asm
                   MovMSB   0x001e66    program     static C:\Users\Connal\Desktop\Robot\LCData.X\lcd.asm
                      Nob   0x00011e    program     static C:\Users\Connal\Desktop\Robot\LCData.X\LCData.asm
                     OneS   0x0019ce    program     static C:\Users\Connal\Desktop\Robot\LCData.X\LCData.asm
                 OperTime   0x0000e4    program     static C:\Users\Connal\Desktop\Robot\LCData.X\LCData.asm
               PWM_module   0x001a28    program     static C:\Users\Connal\Desktop\Robot\LCData.X\LCData.asm
                  PWMinit   0x001a28    program     static C:\Users\Connal\Desktop\Robot\LCData.X\LCData.asm
                   RD_END   0x000396    program     static C:\Users\Connal\Desktop\Robot\LCData.X\LCData.asm
                   RD_ERR   0x000394    program     static C:\Users\Connal\Desktop\Robot\LCData.X\LCData.asm
                  RTCinit   0x000418    program     static C:\Users\Connal\Desktop\Robot\LCData.X\LCData.asm
                    R_END   0x0003ec    program     static C:\Users\Connal\Desktop\Robot\LCData.X\LCData.asm
                    Ready   0x00005e    program     static C:\Users\Connal\Desktop\Robot\LCData.X\LCData.asm
                 RightInt   0x000068    program     static C:\Users\Connal\Desktop\Robot\LCData.X\LCData.asm
                   RightT   0x00058a    program     static C:\Users\Connal\Desktop\Robot\LCData.X\LCData.asm
                  Running   0x000074    program     static C:\Users\Connal\Desktop\Robot\LCData.X\LCData.asm
                US_module   0x001bc8    program     static C:\Users\Connal\Desktop\Robot\LCData.X\LCData.asm
                  WR_DATA   0x001dd4    program     extern C:\Users\Connal\Desktop\Robot\LCData.X\lcd.asm
                   WR_END   0x000250    program     static C:\Users\Connal\Desktop\Robot\LCData.X\LCData.asm
                   WR_ERR   0x00024e    program     static C:\Users\Connal\Desktop\Robot\LCData.X\LCData.asm
                   WR_INS   0x001dfa    program     extern C:\Users\Connal\Desktop\Robot\LCData.X\lcd.asm
                   WrtLCD   0x001e1e    program     extern C:\Users\Connal\Desktop\Robot\LCData.X\lcd.asm
                   WrtNum   0x001d62    program     static C:\Users\Connal\Desktop\Robot\LCData.X\LCData.asm
                  WrtNum2   0x001d3a    program     static C:\Users\Connal\Desktop\Robot\LCData.X\LCData.asm
              _.code_00E4   0x001e60    program     static C:\Users\Connal\Desktop\Robot\LCData.X\lcd.asm
              _.code_00FE   0x001e7a    program     static C:\Users\Connal\Desktop\Robot\LCData.X\lcd.asm
                 _0OneS_0   0x0019da    program     static C:\Users\Connal\Desktop\Robot\LCData.X\LCData.asm
                _100loop_   0x000cc4    program     static C:\Users\Connal\Desktop\Robot\LCData.X\LCData.asm
                  _101fin   0x000d10    program     static C:\Users\Connal\Desktop\Robot\LCData.X\LCData.asm
                _101loop1   0x000cfe    program     static C:\Users\Connal\Desktop\Robot\LCData.X\LCData.asm
                _101loop2   0x000cec    program     static C:\Users\Connal\Desktop\Robot\LCData.X\LCData.asm
                _101loop3   0x000cda    program     static C:\Users\Connal\Desktop\Robot\LCData.X\LCData.asm
                _102loop_   0x000d24    program     static C:\Users\Connal\Desktop\Robot\LCData.X\LCData.asm
                  _103fin   0x000d70    program     static C:\Users\Connal\Desktop\Robot\LCData.X\LCData.asm
                _103loop1   0x000d5e    program     static C:\Users\Connal\Desktop\Robot\LCData.X\LCData.asm
                _103loop2   0x000d4c    program     static C:\Users\Connal\Desktop\Robot\LCData.X\LCData.asm
                _103loop3   0x000d3a    program     static C:\Users\Connal\Desktop\Robot\LCData.X\LCData.asm
                _104loop_   0x000da0    program     static C:\Users\Connal\Desktop\Robot\LCData.X\LCData.asm
                _105loop_   0x000dc0    program     static C:\Users\Connal\Desktop\Robot\LCData.X\LCData.asm
               _106wempty   0x000e16    program     static C:\Users\Connal\Desktop\Robot\LCData.X\LCData.asm
                 _106wend   0x000e30    program     static C:\Users\Connal\Desktop\Robot\LCData.X\LCData.asm
                _106wfull   0x000dda    program     static C:\Users\Connal\Desktop\Robot\LCData.X\LCData.asm
                _106whalf   0x000df8    program     static C:\Users\Connal\Desktop\Robot\LCData.X\LCData.asm
                _107loop_   0x000dea    program     static C:\Users\Connal\Desktop\Robot\LCData.X\LCData.asm
                _108loop_   0x000e08    program     static C:\Users\Connal\Desktop\Robot\LCData.X\LCData.asm
                _109loop_   0x000e26    program     static C:\Users\Connal\Desktop\Robot\LCData.X\LCData.asm
                 _10back1   0x0001ba    program     static C:\Users\Connal\Desktop\Robot\LCData.X\LCData.asm
                _110loop_   0x000e40    program     static C:\Users\Connal\Desktop\Robot\LCData.X\LCData.asm
                  _111fin   0x000e8c    program     static C:\Users\Connal\Desktop\Robot\LCData.X\LCData.asm
                _111loop1   0x000e7a    program     static C:\Users\Connal\Desktop\Robot\LCData.X\LCData.asm
                _111loop2   0x000e68    program     static C:\Users\Connal\Desktop\Robot\LCData.X\LCData.asm
                _111loop3   0x000e56    program     static C:\Users\Connal\Desktop\Robot\LCData.X\LCData.asm
                _112loop_   0x000ea8    program     static C:\Users\Connal\Desktop\Robot\LCData.X\LCData.asm
                _113loop_   0x000ec4    program     static C:\Users\Connal\Desktop\Robot\LCData.X\LCData.asm
                _114loop_   0x000ee0    program     static C:\Users\Connal\Desktop\Robot\LCData.X\LCData.asm
                _115loop_   0x000f08    program     static C:\Users\Connal\Desktop\Robot\LCData.X\LCData.asm
                _116loop_   0x000f28    program     static C:\Users\Connal\Desktop\Robot\LCData.X\LCData.asm
               _117wempty   0x000f7e    program     static C:\Users\Connal\Desktop\Robot\LCData.X\LCData.asm
                 _117wend   0x000f98    program     static C:\Users\Connal\Desktop\Robot\LCData.X\LCData.asm
                _117wfull   0x000f42    program     static C:\Users\Connal\Desktop\Robot\LCData.X\LCData.asm
                _117whalf   0x000f60    program     static C:\Users\Connal\Desktop\Robot\LCData.X\LCData.asm
                _118loop_   0x000f52    program     static C:\Users\Connal\Desktop\Robot\LCData.X\LCData.asm
                _119loop_   0x000f70    program     static C:\Users\Connal\Desktop\Robot\LCData.X\LCData.asm
                 _11back1   0x0001c6    program     static C:\Users\Connal\Desktop\Robot\LCData.X\LCData.asm
                _120loop_   0x000f8e    program     static C:\Users\Connal\Desktop\Robot\LCData.X\LCData.asm
                _121loop_   0x000fa8    program     static C:\Users\Connal\Desktop\Robot\LCData.X\LCData.asm
                  _122fin   0x000ff4    program     static C:\Users\Connal\Desktop\Robot\LCData.X\LCData.asm
                _122loop1   0x000fe2    program     static C:\Users\Connal\Desktop\Robot\LCData.X\LCData.asm
                _122loop2   0x000fd0    program     static C:\Users\Connal\Desktop\Robot\LCData.X\LCData.asm
                _122loop3   0x000fbe    program     static C:\Users\Connal\Desktop\Robot\LCData.X\LCData.asm
                _123loop_   0x001010    program     static C:\Users\Connal\Desktop\Robot\LCData.X\LCData.asm
                _124loop_   0x00102c    program     static C:\Users\Connal\Desktop\Robot\LCData.X\LCData.asm
                _125loop_   0x001048    program     static C:\Users\Connal\Desktop\Robot\LCData.X\LCData.asm
                _126loop_   0x001070    program     static C:\Users\Connal\Desktop\Robot\LCData.X\LCData.asm
                _127loop_   0x001090    program     static C:\Users\Connal\Desktop\Robot\LCData.X\LCData.asm
               _128wempty   0x0010e6    program     static C:\Users\Connal\Desktop\Robot\LCData.X\LCData.asm
                 _128wend   0x001100    program     static C:\Users\Connal\Desktop\Robot\LCData.X\LCData.asm
                _128wfull   0x0010aa    program     static C:\Users\Connal\Desktop\Robot\LCData.X\LCData.asm
                _128whalf   0x0010c8    program     static C:\Users\Connal\Desktop\Robot\LCData.X\LCData.asm
                _129loop_   0x0010ba    program     static C:\Users\Connal\Desktop\Robot\LCData.X\LCData.asm
                _130loop_   0x0010d8    program     static C:\Users\Connal\Desktop\Robot\LCData.X\LCData.asm
                _131loop_   0x0010f6    program     static C:\Users\Connal\Desktop\Robot\LCData.X\LCData.asm
                _132loop_   0x001110    program     static C:\Users\Connal\Desktop\Robot\LCData.X\LCData.asm
                  _133fin   0x00115c    program     static C:\Users\Connal\Desktop\Robot\LCData.X\LCData.asm
                _133loop1   0x00114a    program     static C:\Users\Connal\Desktop\Robot\LCData.X\LCData.asm
                _133loop2   0x001138    program     static C:\Users\Connal\Desktop\Robot\LCData.X\LCData.asm
                _133loop3   0x001126    program     static C:\Users\Connal\Desktop\Robot\LCData.X\LCData.asm
                _134loop_   0x001178    program     static C:\Users\Connal\Desktop\Robot\LCData.X\LCData.asm
                _135loop_   0x001194    program     static C:\Users\Connal\Desktop\Robot\LCData.X\LCData.asm
                _136loop_   0x0011b0    program     static C:\Users\Connal\Desktop\Robot\LCData.X\LCData.asm
                _137loop_   0x0011d8    program     static C:\Users\Connal\Desktop\Robot\LCData.X\LCData.asm
                _138loop_   0x0011f8    program     static C:\Users\Connal\Desktop\Robot\LCData.X\LCData.asm
               _139wempty   0x00124e    program     static C:\Users\Connal\Desktop\Robot\LCData.X\LCData.asm
                 _139wend   0x001268    program     static C:\Users\Connal\Desktop\Robot\LCData.X\LCData.asm
                _139wfull   0x001212    program     static C:\Users\Connal\Desktop\Robot\LCData.X\LCData.asm
                _139whalf   0x001230    program     static C:\Users\Connal\Desktop\Robot\LCData.X\LCData.asm
                 _13back1   0x0001d8    program     static C:\Users\Connal\Desktop\Robot\LCData.X\LCData.asm
                _140loop_   0x001222    program     static C:\Users\Connal\Desktop\Robot\LCData.X\LCData.asm
                _141loop_   0x001240    program     static C:\Users\Connal\Desktop\Robot\LCData.X\LCData.asm
                _142loop_   0x00125e    program     static C:\Users\Connal\Desktop\Robot\LCData.X\LCData.asm
                _143loop_   0x001278    program     static C:\Users\Connal\Desktop\Robot\LCData.X\LCData.asm
                  _144fin   0x0012c4    program     static C:\Users\Connal\Desktop\Robot\LCData.X\LCData.asm
                _144loop1   0x0012b2    program     static C:\Users\Connal\Desktop\Robot\LCData.X\LCData.asm
                _144loop2   0x0012a0    program     static C:\Users\Connal\Desktop\Robot\LCData.X\LCData.asm
                _144loop3   0x00128e    program     static C:\Users\Connal\Desktop\Robot\LCData.X\LCData.asm
                _145loop_   0x0012e0    program     static C:\Users\Connal\Desktop\Robot\LCData.X\LCData.asm
                _146loop_   0x0012fc    program     static C:\Users\Connal\Desktop\Robot\LCData.X\LCData.asm
                _147loop_   0x001318    program     static C:\Users\Connal\Desktop\Robot\LCData.X\LCData.asm
                _148loop_   0x001340    program     static C:\Users\Connal\Desktop\Robot\LCData.X\LCData.asm
                _149loop_   0x001360    program     static C:\Users\Connal\Desktop\Robot\LCData.X\LCData.asm
               _150wempty   0x0013b6    program     static C:\Users\Connal\Desktop\Robot\LCData.X\LCData.asm
                 _150wend   0x0013d0    program     static C:\Users\Connal\Desktop\Robot\LCData.X\LCData.asm
                _150wfull   0x00137a    program     static C:\Users\Connal\Desktop\Robot\LCData.X\LCData.asm
                _150whalf   0x001398    program     static C:\Users\Connal\Desktop\Robot\LCData.X\LCData.asm
                _151loop_   0x00138a    program     static C:\Users\Connal\Desktop\Robot\LCData.X\LCData.asm
                _152loop_   0x0013a8    program     static C:\Users\Connal\Desktop\Robot\LCData.X\LCData.asm
                _153loop_   0x0013c6    program     static C:\Users\Connal\Desktop\Robot\LCData.X\LCData.asm
                _154loop_   0x0013e0    program     static C:\Users\Connal\Desktop\Robot\LCData.X\LCData.asm
                  _155fin   0x00142c    program     static C:\Users\Connal\Desktop\Robot\LCData.X\LCData.asm
                _155loop1   0x00141a    program     static C:\Users\Connal\Desktop\Robot\LCData.X\LCData.asm
                _155loop2   0x001408    program     static C:\Users\Connal\Desktop\Robot\LCData.X\LCData.asm
                _155loop3   0x0013f6    program     static C:\Users\Connal\Desktop\Robot\LCData.X\LCData.asm
                _156loop_   0x001448    program     static C:\Users\Connal\Desktop\Robot\LCData.X\LCData.asm
                _157loop_   0x001464    program     static C:\Users\Connal\Desktop\Robot\LCData.X\LCData.asm
                _158loop_   0x001480    program     static C:\Users\Connal\Desktop\Robot\LCData.X\LCData.asm
                _159loop_   0x0014a8    program     static C:\Users\Connal\Desktop\Robot\LCData.X\LCData.asm
                 _15back1   0x0001ea    program     static C:\Users\Connal\Desktop\Robot\LCData.X\LCData.asm
                _160loop_   0x0014c8    program     static C:\Users\Connal\Desktop\Robot\LCData.X\LCData.asm
               _161wempty   0x00151e    program     static C:\Users\Connal\Desktop\Robot\LCData.X\LCData.asm
                 _161wend   0x001538    program     static C:\Users\Connal\Desktop\Robot\LCData.X\LCData.asm
                _161wfull   0x0014e2    program     static C:\Users\Connal\Desktop\Robot\LCData.X\LCData.asm
                _161whalf   0x001500    program     static C:\Users\Connal\Desktop\Robot\LCData.X\LCData.asm
                _162loop_   0x0014f2    program     static C:\Users\Connal\Desktop\Robot\LCData.X\LCData.asm
                _163loop_   0x001510    program     static C:\Users\Connal\Desktop\Robot\LCData.X\LCData.asm
                _164loop_   0x00152e    program     static C:\Users\Connal\Desktop\Robot\LCData.X\LCData.asm
                _165loop_   0x001548    program     static C:\Users\Connal\Desktop\Robot\LCData.X\LCData.asm
                  _166fin   0x001594    program     static C:\Users\Connal\Desktop\Robot\LCData.X\LCData.asm
                _166loop1   0x001582    program     static C:\Users\Connal\Desktop\Robot\LCData.X\LCData.asm
                _166loop2   0x001570    program     static C:\Users\Connal\Desktop\Robot\LCData.X\LCData.asm
                _166loop3   0x00155e    program     static C:\Users\Connal\Desktop\Robot\LCData.X\LCData.asm
                _167loop_   0x0015b0    program     static C:\Users\Connal\Desktop\Robot\LCData.X\LCData.asm
                _168loop_   0x0015cc    program     static C:\Users\Connal\Desktop\Robot\LCData.X\LCData.asm
                _169loop_   0x0015e8    program     static C:\Users\Connal\Desktop\Robot\LCData.X\LCData.asm
                _170loop_   0x001610    program     static C:\Users\Connal\Desktop\Robot\LCData.X\LCData.asm
                _171loop_   0x001630    program     static C:\Users\Connal\Desktop\Robot\LCData.X\LCData.asm
               _172wempty   0x001686    program     static C:\Users\Connal\Desktop\Robot\LCData.X\LCData.asm
                 _172wend   0x0016a0    program     static C:\Users\Connal\Desktop\Robot\LCData.X\LCData.asm
                _172wfull   0x00164a    program     static C:\Users\Connal\Desktop\Robot\LCData.X\LCData.asm
                _172whalf   0x001668    program     static C:\Users\Connal\Desktop\Robot\LCData.X\LCData.asm
                _173loop_   0x00165a    program     static C:\Users\Connal\Desktop\Robot\LCData.X\LCData.asm
                _174loop_   0x001678    program     static C:\Users\Connal\Desktop\Robot\LCData.X\LCData.asm
                _175loop_   0x001696    program     static C:\Users\Connal\Desktop\Robot\LCData.X\LCData.asm
                _176loop_   0x0016b0    program     static C:\Users\Connal\Desktop\Robot\LCData.X\LCData.asm
                  _177fin   0x0016fc    program     static C:\Users\Connal\Desktop\Robot\LCData.X\LCData.asm
                _177loop1   0x0016ea    program     static C:\Users\Connal\Desktop\Robot\LCData.X\LCData.asm
                _177loop2   0x0016d8    program     static C:\Users\Connal\Desktop\Robot\LCData.X\LCData.asm
                _177loop3   0x0016c6    program     static C:\Users\Connal\Desktop\Robot\LCData.X\LCData.asm
                _178loop_   0x001718    program     static C:\Users\Connal\Desktop\Robot\LCData.X\LCData.asm
                _179loop_   0x001734    program     static C:\Users\Connal\Desktop\Robot\LCData.X\LCData.asm
                 _17back1   0x000200    program     static C:\Users\Connal\Desktop\Robot\LCData.X\LCData.asm
                _180loop_   0x001750    program     static C:\Users\Connal\Desktop\Robot\LCData.X\LCData.asm
                _181loop_   0x001776    program     static C:\Users\Connal\Desktop\Robot\LCData.X\LCData.asm
                  _184fin   0x001808    program     static C:\Users\Connal\Desktop\Robot\LCData.X\LCData.asm
                _184loop1   0x0017f6    program     static C:\Users\Connal\Desktop\Robot\LCData.X\LCData.asm
                _184loop2   0x0017e4    program     static C:\Users\Connal\Desktop\Robot\LCData.X\LCData.asm
                _184loop3   0x0017d2    program     static C:\Users\Connal\Desktop\Robot\LCData.X\LCData.asm
                  _186fin   0x001868    program     static C:\Users\Connal\Desktop\Robot\LCData.X\LCData.asm
                _186loop1   0x001856    program     static C:\Users\Connal\Desktop\Robot\LCData.X\LCData.asm
                _186loop2   0x001844    program     static C:\Users\Connal\Desktop\Robot\LCData.X\LCData.asm
                _186loop3   0x001832    program     static C:\Users\Connal\Desktop\Robot\LCData.X\LCData.asm
                 _18back1   0x00020c    program     static C:\Users\Connal\Desktop\Robot\LCData.X\LCData.asm
                 _19back1   0x000218    program     static C:\Users\Connal\Desktop\Robot\LCData.X\LCData.asm
                  _1back1   0x00015c    program     static C:\Users\Connal\Desktop\Robot\LCData.X\LCData.asm
                _202loop_   0x001b28    program     static C:\Users\Connal\Desktop\Robot\LCData.X\LCData.asm
                  _203fin   0x001bb2    program     static C:\Users\Connal\Desktop\Robot\LCData.X\LCData.asm
                _203loop1   0x001ba0    program     static C:\Users\Connal\Desktop\Robot\LCData.X\LCData.asm
                _203loop2   0x001b8e    program     static C:\Users\Connal\Desktop\Robot\LCData.X\LCData.asm
                _203loop3   0x001b7c    program     static C:\Users\Connal\Desktop\Robot\LCData.X\LCData.asm
                 _21back1   0x00022a    program     static C:\Users\Connal\Desktop\Robot\LCData.X\LCData.asm
                 _23back1   0x00023c    program     static C:\Users\Connal\Desktop\Robot\LCData.X\LCData.asm
                 _25back1   0x000252    program     static C:\Users\Connal\Desktop\Robot\LCData.X\LCData.asm
                 _26back1   0x00025e    program     static C:\Users\Connal\Desktop\Robot\LCData.X\LCData.asm
                 _27back1   0x00026a    program     static C:\Users\Connal\Desktop\Robot\LCData.X\LCData.asm
                 _29back1   0x00027c    program     static C:\Users\Connal\Desktop\Robot\LCData.X\LCData.asm
                  _2back1   0x000168    program     static C:\Users\Connal\Desktop\Robot\LCData.X\LCData.asm
                 _31back1   0x00028c    program     static C:\Users\Connal\Desktop\Robot\LCData.X\LCData.asm
                 _32back1   0x000298    program     static C:\Users\Connal\Desktop\Robot\LCData.X\LCData.asm
                 _34back1   0x0002a8    program     static C:\Users\Connal\Desktop\Robot\LCData.X\LCData.asm
                 _35back1   0x0002b8    program     static C:\Users\Connal\Desktop\Robot\LCData.X\LCData.asm
                 _36back1   0x0002c6    program     static C:\Users\Connal\Desktop\Robot\LCData.X\LCData.asm
                 _37back1   0x0002d2    program     static C:\Users\Connal\Desktop\Robot\LCData.X\LCData.asm
                 _39back1   0x0002e4    program     static C:\Users\Connal\Desktop\Robot\LCData.X\LCData.asm
                  _3back1   0x000174    program     static C:\Users\Connal\Desktop\Robot\LCData.X\LCData.asm
                 _41back1   0x0002f4    program     static C:\Users\Connal\Desktop\Robot\LCData.X\LCData.asm
                 _42back1   0x000300    program     static C:\Users\Connal\Desktop\Robot\LCData.X\LCData.asm
                 _44back1   0x000310    program     static C:\Users\Connal\Desktop\Robot\LCData.X\LCData.asm
                 _45back1   0x000320    program     static C:\Users\Connal\Desktop\Robot\LCData.X\LCData.asm
                 _46back1   0x00032e    program     static C:\Users\Connal\Desktop\Robot\LCData.X\LCData.asm
                 _47back1   0x00033a    program     static C:\Users\Connal\Desktop\Robot\LCData.X\LCData.asm
                 _49back1   0x00034c    program     static C:\Users\Connal\Desktop\Robot\LCData.X\LCData.asm
                 _51back1   0x00035c    program     static C:\Users\Connal\Desktop\Robot\LCData.X\LCData.asm
                 _52back1   0x000368    program     static C:\Users\Connal\Desktop\Robot\LCData.X\LCData.asm
                 _54back1   0x000378    program     static C:\Users\Connal\Desktop\Robot\LCData.X\LCData.asm
                 _55back1   0x000388    program     static C:\Users\Connal\Desktop\Robot\LCData.X\LCData.asm
                 _56back1   0x000398    program     static C:\Users\Connal\Desktop\Robot\LCData.X\LCData.asm
                 _57back1   0x0003b8    program     static C:\Users\Connal\Desktop\Robot\LCData.X\LCData.asm
                 _58back1   0x0003c4    program     static C:\Users\Connal\Desktop\Robot\LCData.X\LCData.asm
                  _5back1   0x000186    program     static C:\Users\Connal\Desktop\Robot\LCData.X\LCData.asm
                 _60back1   0x0003d4    program     static C:\Users\Connal\Desktop\Robot\LCData.X\LCData.asm
                 _61back1   0x0003e4    program     static C:\Users\Connal\Desktop\Robot\LCData.X\LCData.asm
                 _62back1   0x0003ee    program     static C:\Users\Connal\Desktop\Robot\LCData.X\LCData.asm
                 _63loop_   0x000478    program     static C:\Users\Connal\Desktop\Robot\LCData.X\LCData.asm
                 _64loop_   0x0004b0    program     static C:\Users\Connal\Desktop\Robot\LCData.X\LCData.asm
                   _65fin   0x000576    program     static C:\Users\Connal\Desktop\Robot\LCData.X\LCData.asm
                 _65loop1   0x000564    program     static C:\Users\Connal\Desktop\Robot\LCData.X\LCData.asm
                 _65loop2   0x000552    program     static C:\Users\Connal\Desktop\Robot\LCData.X\LCData.asm
                 _65loop3   0x000540    program     static C:\Users\Connal\Desktop\Robot\LCData.X\LCData.asm
                   _66fin   0x0005f8    program     static C:\Users\Connal\Desktop\Robot\LCData.X\LCData.asm
                 _66loop1   0x0005e6    program     static C:\Users\Connal\Desktop\Robot\LCData.X\LCData.asm
                 _66loop2   0x0005d4    program     static C:\Users\Connal\Desktop\Robot\LCData.X\LCData.asm
                 _66loop3   0x0005c2    program     static C:\Users\Connal\Desktop\Robot\LCData.X\LCData.asm
                   _68fin   0x00066a    program     static C:\Users\Connal\Desktop\Robot\LCData.X\LCData.asm
                 _68loop1   0x000658    program     static C:\Users\Connal\Desktop\Robot\LCData.X\LCData.asm
                 _68loop2   0x000646    program     static C:\Users\Connal\Desktop\Robot\LCData.X\LCData.asm
                 _68loop3   0x000634    program     static C:\Users\Connal\Desktop\Robot\LCData.X\LCData.asm
                   _70fin   0x0006ca    program     static C:\Users\Connal\Desktop\Robot\LCData.X\LCData.asm
                 _70loop1   0x0006b8    program     static C:\Users\Connal\Desktop\Robot\LCData.X\LCData.asm
                 _70loop2   0x0006a6    program     static C:\Users\Connal\Desktop\Robot\LCData.X\LCData.asm
                 _70loop3   0x000694    program     static C:\Users\Connal\Desktop\Robot\LCData.X\LCData.asm
                 _71loop_   0x000738    program     static C:\Users\Connal\Desktop\Robot\LCData.X\LCData.asm
                 _72loop_   0x000802    program     static C:\Users\Connal\Desktop\Robot\LCData.X\LCData.asm
                   _73fin   0x00084e    program     static C:\Users\Connal\Desktop\Robot\LCData.X\LCData.asm
                 _73loop1   0x00083c    program     static C:\Users\Connal\Desktop\Robot\LCData.X\LCData.asm
                 _73loop2   0x00082a    program     static C:\Users\Connal\Desktop\Robot\LCData.X\LCData.asm
                 _73loop3   0x000818    program     static C:\Users\Connal\Desktop\Robot\LCData.X\LCData.asm
                 _74loop_   0x000862    program     static C:\Users\Connal\Desktop\Robot\LCData.X\LCData.asm
                   _75fin   0x0008ae    program     static C:\Users\Connal\Desktop\Robot\LCData.X\LCData.asm
                 _75loop1   0x00089c    program     static C:\Users\Connal\Desktop\Robot\LCData.X\LCData.asm
                 _75loop2   0x00088a    program     static C:\Users\Connal\Desktop\Robot\LCData.X\LCData.asm
                 _75loop3   0x000878    program     static C:\Users\Connal\Desktop\Robot\LCData.X\LCData.asm
                 _76loop_   0x0008e0    program     static C:\Users\Connal\Desktop\Robot\LCData.X\LCData.asm
                  _7back1   0x000198    program     static C:\Users\Connal\Desktop\Robot\LCData.X\LCData.asm
                 _91loop_   0x000b0c    program     static C:\Users\Connal\Desktop\Robot\LCData.X\LCData.asm
                 _92loop_   0x000b2e    program     static C:\Users\Connal\Desktop\Robot\LCData.X\LCData.asm
                   _93fin   0x000b7a    program     static C:\Users\Connal\Desktop\Robot\LCData.X\LCData.asm
                 _93loop1   0x000b68    program     static C:\Users\Connal\Desktop\Robot\LCData.X\LCData.asm
                 _93loop2   0x000b56    program     static C:\Users\Connal\Desktop\Robot\LCData.X\LCData.asm
                 _93loop3   0x000b44    program     static C:\Users\Connal\Desktop\Robot\LCData.X\LCData.asm
                 _94loop_   0x000b8e    program     static C:\Users\Connal\Desktop\Robot\LCData.X\LCData.asm
                   _95fin   0x000bda    program     static C:\Users\Connal\Desktop\Robot\LCData.X\LCData.asm
                 _95loop1   0x000bc8    program     static C:\Users\Connal\Desktop\Robot\LCData.X\LCData.asm
                 _95loop2   0x000bb6    program     static C:\Users\Connal\Desktop\Robot\LCData.X\LCData.asm
                 _95loop3   0x000ba4    program     static C:\Users\Connal\Desktop\Robot\LCData.X\LCData.asm
                 _96loop_   0x000bee    program     static C:\Users\Connal\Desktop\Robot\LCData.X\LCData.asm
                   _97fin   0x000c3a    program     static C:\Users\Connal\Desktop\Robot\LCData.X\LCData.asm
                 _97loop1   0x000c28    program     static C:\Users\Connal\Desktop\Robot\LCData.X\LCData.asm
                 _97loop2   0x000c16    program     static C:\Users\Connal\Desktop\Robot\LCData.X\LCData.asm
                 _97loop3   0x000c04    program     static C:\Users\Connal\Desktop\Robot\LCData.X\LCData.asm
                 _98loop_   0x000c4e    program     static C:\Users\Connal\Desktop\Robot\LCData.X\LCData.asm
                   _99fin   0x000c9a    program     static C:\Users\Connal\Desktop\Robot\LCData.X\LCData.asm
                 _99loop1   0x000c88    program     static C:\Users\Connal\Desktop\Robot\LCData.X\LCData.asm
                 _99loop2   0x000c76    program     static C:\Users\Connal\Desktop\Robot\LCData.X\LCData.asm
                 _99loop3   0x000c64    program     static C:\Users\Connal\Desktop\Robot\LCData.X\LCData.asm
                  _9back1   0x0001ae    program     static C:\Users\Connal\Desktop\Robot\LCData.X\LCData.asm
                     addB   0x000922    program     static C:\Users\Connal\Desktop\Robot\LCData.X\LCData.asm
                   aendUS   0x001b6a    program     static C:\Users\Connal\Desktop\Robot\LCData.X\LCData.asm
                  aloopUS   0x001b32    program     static C:\Users\Connal\Desktop\Robot\LCData.X\LCData.asm
                   apause   0x001b3e    program     static C:\Users\Connal\Desktop\Robot\LCData.X\LCData.asm
                    armUS   0x001b12    program     static C:\Users\Connal\Desktop\Robot\LCData.X\LCData.asm
                arm_drive   0x000492    program     static C:\Users\Connal\Desktop\Robot\LCData.X\LCData.asm
                 armwait1   0x0004be    program     static C:\Users\Connal\Desktop\Robot\LCData.X\LCData.asm
                 armwait2   0x0004e2    program     static C:\Users\Connal\Desktop\Robot\LCData.X\LCData.asm
                      aw1   0x001b46    program     static C:\Users\Connal\Desktop\Robot\LCData.X\LCData.asm
                      aw2   0x001b50    program     static C:\Users\Connal\Desktop\Robot\LCData.X\LCData.asm
          barrel_detected   0x0008fe    program     static C:\Users\Connal\Desktop\Robot\LCData.X\LCData.asm
              check_sense   0x001cd0    program     static C:\Users\Connal\Desktop\Robot\LCData.X\LCData.asm
             count_module   0x0019f6    program     static C:\Users\Connal\Desktop\Robot\LCData.X\LCData.asm
                    cwait   0x0019fe    program     static C:\Users\Connal\Desktop\Robot\LCData.X\LCData.asm
                       d1   0x0004c8    program     static C:\Users\Connal\Desktop\Robot\LCData.X\LCData.asm
                       d2   0x0004ec    program     static C:\Users\Connal\Desktop\Robot\LCData.X\LCData.asm
                driveabit   0x0004ca    program     static C:\Users\Connal\Desktop\Robot\LCData.X\LCData.asm
                    dwait   0x000caa    program     static C:\Users\Connal\Desktop\Robot\LCData.X\LCData.asm
                   dwait2   0x000d80    program     static C:\Users\Connal\Desktop\Robot\LCData.X\LCData.asm
                  encTest   0x0007de    program     static C:\Users\Connal\Desktop\Robot\LCData.X\LCData.asm
                   encend   0x001cfa    program     static C:\Users\Connal\Desktop\Robot\LCData.X\LCData.asm
                 encextra   0x001cfc    program     static C:\Users\Connal\Desktop\Robot\LCData.X\LCData.asm
                enchandle   0x001cdc    program     static C:\Users\Connal\Desktop\Robot\LCData.X\LCData.asm
                    endUS   0x001c0e    program     static C:\Users\Connal\Desktop\Robot\LCData.X\LCData.asm
                   endUS1   0x001c5c    program     static C:\Users\Connal\Desktop\Robot\LCData.X\LCData.asm
                   endUS2   0x001cb0    program     static C:\Users\Connal\Desktop\Robot\LCData.X\LCData.asm
                   etloop   0x0007ea    program     static C:\Users\Connal\Desktop\Robot\LCData.X\LCData.asm
               fgetoptime   0x0018fe    program     static C:\Users\Connal\Desktop\Robot\LCData.X\LCData.asm
                  find_CB   0x000958    program     static C:\Users\Connal\Desktop\Robot\LCData.X\LCData.asm
                   finish   0x000aee    program     static C:\Users\Connal\Desktop\Robot\LCData.X\LCData.asm
                  finish2   0x000cb0    program     static C:\Users\Connal\Desktop\Robot\LCData.X\LCData.asm
                  finish3   0x000d86    program     static C:\Users\Connal\Desktop\Robot\LCData.X\LCData.asm
                   fshort   0x000142    program     static C:\Users\Connal\Desktop\Robot\LCData.X\LCData.asm
                    ftall   0x000148    program     static C:\Users\Connal\Desktop\Robot\LCData.X\LCData.asm
                   gSteer   0x00051c    program     static C:\Users\Connal\Desktop\Robot\LCData.X\LCData.asm
                  gWR_END   0x0001ac    program     static C:\Users\Connal\Desktop\Robot\LCData.X\LCData.asm
                  gWR_ERR   0x0001aa    program     static C:\Users\Connal\Desktop\Robot\LCData.X\LCData.asm
                gsteerend   0x00059e    program     static C:\Users\Connal\Desktop\Robot\LCData.X\LCData.asm
               gsteerloop   0x000528    program     static C:\Users\Connal\Desktop\Robot\LCData.X\LCData.asm
                gyroinitt   0x000728    program     static C:\Users\Connal\Desktop\Robot\LCData.X\LCData.asm
                 gyroloop   0x000760    program     static C:\Users\Connal\Desktop\Robot\LCData.X\LCData.asm
         i2c_common_setup   0x00014e    program     static C:\Users\Connal\Desktop\Robot\LCData.X\LCData.asm
                  keywait   0x000910    program     static C:\Users\Connal\Desktop\Robot\LCData.X\LCData.asm
                    kloop   0x000914    program     static C:\Users\Connal\Desktop\Robot\LCData.X\LCData.asm
                   kloop2   0x00091a    program     static C:\Users\Connal\Desktop\Robot\LCData.X\LCData.asm
                      l10   0x0019f0    program     static C:\Users\Connal\Desktop\Robot\LCData.X\LCData.asm
                       l8   0x0019e2    program     static C:\Users\Connal\Desktop\Robot\LCData.X\LCData.asm
                       l9   0x0019e8    program     static C:\Users\Connal\Desktop\Robot\LCData.X\LCData.asm
             lcdLongDelay   0x001d2e    program     static C:\Users\Connal\Desktop\Robot\LCData.X\LCData.asm
             lcdLongDelay   0x001e70    program     static C:\Users\Connal\Desktop\Robot\LCData.X\lcd.asm
                  lhandle   0x001d04    program     static C:\Users\Connal\Desktop\Robot\LCData.X\LCData.asm
                   loopUS   0x001bd0    program     static C:\Users\Connal\Desktop\Robot\LCData.X\LCData.asm
                  loopUS1   0x001c1e    program     static C:\Users\Connal\Desktop\Robot\LCData.X\LCData.asm
                  loopUS2   0x001c72    program     static C:\Users\Connal\Desktop\Robot\LCData.X\LCData.asm
                  mWR_END   0x0001fe    program     static C:\Users\Connal\Desktop\Robot\LCData.X\LCData.asm
                  mWR_ERR   0x0001fc    program     static C:\Users\Connal\Desktop\Robot\LCData.X\LCData.asm
                     main   0x0008c0    program     static C:\Users\Connal\Desktop\Robot\LCData.X\LCData.asm
                 mainloop   0x0008f6    program     static C:\Users\Connal\Desktop\Robot\LCData.X\LCData.asm
                 mainwait   0x00048e    program     static C:\Users\Connal\Desktop\Robot\LCData.X\LCData.asm
                   mginit   0x000790    program     static C:\Users\Connal\Desktop\Robot\LCData.X\LCData.asm
                   mgloop   0x0007b6    program     static C:\Users\Connal\Desktop\Robot\LCData.X\LCData.asm
                   mgtest   0x0007b2    program     static C:\Users\Connal\Desktop\Robot\LCData.X\LCData.asm
                    pause   0x001be0    program     static C:\Users\Connal\Desktop\Robot\LCData.X\LCData.asm
                   pause1   0x001c2e    program     static C:\Users\Connal\Desktop\Robot\LCData.X\LCData.asm
                   pause2   0x001c82    program     static C:\Users\Connal\Desktop\Robot\LCData.X\LCData.asm
                  pwmwait   0x001a46    program     static C:\Users\Connal\Desktop\Robot\LCData.X\LCData.asm
                read_gyro   0x00025c    program     static C:\Users\Connal\Desktop\Robot\LCData.X\LCData.asm
                  read_mg   0x0002c4    program     static C:\Users\Connal\Desktop\Robot\LCData.X\LCData.asm
                 read_rtc   0x00032c    program     static C:\Users\Connal\Desktop\Robot\LCData.X\LCData.asm
                     rest   0x0004ba    program     static C:\Users\Connal\Desktop\Robot\LCData.X\LCData.asm
                  retract   0x000496    program     static C:\Users\Connal\Desktop\Robot\LCData.X\LCData.asm
                  rhandle   0x001cea    program     static C:\Users\Connal\Desktop\Robot\LCData.X\LCData.asm
              rtc_convert   0x0003a2    program     static C:\Users\Connal\Desktop\Robot\LCData.X\LCData.asm
                      sb1   0x000982    program     static C:\Users\Connal\Desktop\Robot\LCData.X\LCData.asm
                      sb2   0x0009b6    program     static C:\Users\Connal\Desktop\Robot\LCData.X\LCData.asm
                      sb3   0x0009ea    program     static C:\Users\Connal\Desktop\Robot\LCData.X\LCData.asm
                      sb4   0x000a1e    program     static C:\Users\Connal\Desktop\Robot\LCData.X\LCData.asm
                      sb5   0x000a52    program     static C:\Users\Connal\Desktop\Robot\LCData.X\LCData.asm
                      sb6   0x000a86    program     static C:\Users\Connal\Desktop\Robot\LCData.X\LCData.asm
                      sb7   0x000aba    program     static C:\Users\Connal\Desktop\Robot\LCData.X\LCData.asm
                   sdelay   0x001d0e    program     static C:\Users\Connal\Desktop\Robot\LCData.X\LCData.asm
                  seconds   0x00012e    program     static C:\Users\Connal\Desktop\Robot\LCData.X\LCData.asm
                senseloop   0x001cd4    program     static C:\Users\Connal\Desktop\Robot\LCData.X\LCData.asm
                   setPWM   0x001a92    program     static C:\Users\Connal\Desktop\Robot\LCData.X\LCData.asm
             set_rtc_time   0x001940    program     static C:\Users\Connal\Desktop\Robot\LCData.X\LCData.asm
                  setints   0x001788    program     static C:\Users\Connal\Desktop\Robot\LCData.X\LCData.asm
                    shend   0x001762    program     static C:\Users\Connal\Desktop\Robot\LCData.X\LCData.asm
              shortHandle   0x000940    program     static C:\Users\Connal\Desktop\Robot\LCData.X\LCData.asm
                  show_MG   0x0017ae    program     static C:\Users\Connal\Desktop\Robot\LCData.X\LCData.asm
                 show_RTC   0x00186e    program     static C:\Users\Connal\Desktop\Robot\LCData.X\LCData.asm
                show_gyro   0x0017a0    program     static C:\Users\Connal\Desktop\Robot\LCData.X\LCData.asm
                    sloop   0x001d12    program     static C:\Users\Connal\Desktop\Robot\LCData.X\LCData.asm
             steer_module   0x000618    program     static C:\Users\Connal\Desktop\Robot\LCData.X\LCData.asm
                 steerend   0x00071c    program     static C:\Users\Connal\Desktop\Robot\LCData.X\LCData.asm
                steerloop   0x000676    program     static C:\Users\Connal\Desktop\Robot\LCData.X\LCData.asm
                   stleft   0x0006ec    program     static C:\Users\Connal\Desktop\Robot\LCData.X\LCData.asm
                 straight   0x00060a    program     static C:\Users\Connal\Desktop\Robot\LCData.X\LCData.asm
               straitwait   0x000614    program     static C:\Users\Connal\Desktop\Robot\LCData.X\LCData.asm
                  stright   0x000706    program     static C:\Users\Connal\Desktop\Robot\LCData.X\LCData.asm
               tallHandle   0x000928    program     static C:\Users\Connal\Desktop\Robot\LCData.X\LCData.asm
                   tdelay   0x001e34    program     static C:\Users\Connal\Desktop\Robot\LCData.X\lcd.asm
                   tdelay   0x001d1e    program     static C:\Users\Connal\Desktop\Robot\LCData.X\LCData.asm
                test50100   0x001a4a    program     static C:\Users\Connal\Desktop\Robot\LCData.X\LCData.asm
                    tloop   0x001d22    program     static C:\Users\Connal\Desktop\Robot\LCData.X\LCData.asm
                    tloop   0x001e38    program     static C:\Users\Connal\Desktop\Robot\LCData.X\lcd.asm
                       w1   0x001be8    program     static C:\Users\Connal\Desktop\Robot\LCData.X\LCData.asm
                      w11   0x001c36    program     static C:\Users\Connal\Desktop\Robot\LCData.X\LCData.asm
                      w12   0x001c8a    program     static C:\Users\Connal\Desktop\Robot\LCData.X\LCData.asm
                       w2   0x001bf2    program     static C:\Users\Connal\Desktop\Robot\LCData.X\LCData.asm
                      w21   0x001c40    program     static C:\Users\Connal\Desktop\Robot\LCData.X\LCData.asm
                      w22   0x001c94    program     static C:\Users\Connal\Desktop\Robot\LCData.X\LCData.asm
                     wait   0x001ccc    program     static C:\Users\Connal\Desktop\Robot\LCData.X\LCData.asm
                    wdig1   0x000010    program     static C:\Users\Connal\Desktop\Robot\LCData.X\LCData.asm
                    wdig2   0x00002a    program     static C:\Users\Connal\Desktop\Robot\LCData.X\LCData.asm
                    wdig3   0x000044    program     static C:\Users\Connal\Desktop\Robot\LCData.X\LCData.asm
               write_gyro   0x000166    program     static C:\Users\Connal\Desktop\Robot\LCData.X\LCData.asm
                 write_mg   0x0001b8    program     static C:\Users\Connal\Desktop\Robot\LCData.X\LCData.asm
                write_rtc   0x00020a    program     static C:\Users\Connal\Desktop\Robot\LCData.X\LCData.asm
                   COUNTH   0x000080       data     static C:\Users\Connal\Desktop\Robot\LCData.X\LCData.asm
                   COUNTL   0x000082       data     static C:\Users\Connal\Desktop\Robot\LCData.X\LCData.asm
                   COUNTM   0x000081       data     static C:\Users\Connal\Desktop\Robot\LCData.X\LCData.asm
                      com   0x000088       data     static C:\Users\Connal\Desktop\Robot\LCData.X\lcd.asm
                      dat   0x000087       data     static C:\Users\Connal\Desktop\Robot\LCData.X\lcd.asm
                   lcd_d1   0x000084       data     static C:\Users\Connal\Desktop\Robot\LCData.X\lcd.asm
                   lcd_d2   0x000085       data     static C:\Users\Connal\Desktop\Robot\LCData.X\lcd.asm
                   lcd_td   0x000086       data     static C:\Users\Connal\Desktop\Robot\LCData.X\lcd.asm
                  lcd_tmp   0x000083       data     static C:\Users\Connal\Desktop\Robot\LCData.X\lcd.asm



                              Symbols - Sorted by Address
                     Name    Address   Location    Storage File                     
                ---------  ---------  ---------  --------- ---------                
                    wdig1   0x000010    program     static C:\Users\Connal\Desktop\Robot\LCData.X\LCData.asm
                    wdig2   0x00002a    program     static C:\Users\Connal\Desktop\Robot\LCData.X\LCData.asm
                    wdig3   0x000044    program     static C:\Users\Connal\Desktop\Robot\LCData.X\LCData.asm
                    Ready   0x00005e    program     static C:\Users\Connal\Desktop\Robot\LCData.X\LCData.asm
                 RightInt   0x000068    program     static C:\Users\Connal\Desktop\Robot\LCData.X\LCData.asm
                  LeftInt   0x00006e    program     static C:\Users\Connal\Desktop\Robot\LCData.X\LCData.asm
                  Running   0x000074    program     static C:\Users\Connal\Desktop\Robot\LCData.X\LCData.asm
                     Done   0x00007c    program     static C:\Users\Connal\Desktop\Robot\LCData.X\LCData.asm
                    Done2   0x000080    program     static C:\Users\Connal\Desktop\Robot\LCData.X\LCData.asm
                    Done3   0x000086    program     static C:\Users\Connal\Desktop\Robot\LCData.X\LCData.asm
                    Done4   0x0000a6    program     static C:\Users\Connal\Desktop\Robot\LCData.X\LCData.asm
                    Done5   0x0000ac    program     static C:\Users\Connal\Desktop\Robot\LCData.X\LCData.asm
                    Done6   0x0000b0    program     static C:\Users\Connal\Desktop\Robot\LCData.X\LCData.asm
                   Barrel   0x0000b6    program     static C:\Users\Connal\Desktop\Robot\LCData.X\LCData.asm
                    Fulls   0x0000ba    program     static C:\Users\Connal\Desktop\Robot\LCData.X\LCData.asm
                 Location   0x0000c2    program     static C:\Users\Connal\Desktop\Robot\LCData.X\LCData.asm
                 OperTime   0x0000e4    program     static C:\Users\Connal\Desktop\Robot\LCData.X\LCData.asm
                    Halfs   0x00010e    program     static C:\Users\Connal\Desktop\Robot\LCData.X\LCData.asm
                   Emptys   0x000116    program     static C:\Users\Connal\Desktop\Robot\LCData.X\LCData.asm
                      Nob   0x00011e    program     static C:\Users\Connal\Desktop\Robot\LCData.X\LCData.asm
                  seconds   0x00012e    program     static C:\Users\Connal\Desktop\Robot\LCData.X\LCData.asm
                      Hob   0x000136    program     static C:\Users\Connal\Desktop\Robot\LCData.X\LCData.asm
                   fshort   0x000142    program     static C:\Users\Connal\Desktop\Robot\LCData.X\LCData.asm
                    ftall   0x000148    program     static C:\Users\Connal\Desktop\Robot\LCData.X\LCData.asm
         i2c_common_setup   0x00014e    program     static C:\Users\Connal\Desktop\Robot\LCData.X\LCData.asm
                  _1back1   0x00015c    program     static C:\Users\Connal\Desktop\Robot\LCData.X\LCData.asm
               write_gyro   0x000166    program     static C:\Users\Connal\Desktop\Robot\LCData.X\LCData.asm
                  _2back1   0x000168    program     static C:\Users\Connal\Desktop\Robot\LCData.X\LCData.asm
                  _3back1   0x000174    program     static C:\Users\Connal\Desktop\Robot\LCData.X\LCData.asm
                  _5back1   0x000186    program     static C:\Users\Connal\Desktop\Robot\LCData.X\LCData.asm
                  _7back1   0x000198    program     static C:\Users\Connal\Desktop\Robot\LCData.X\LCData.asm
                  gWR_ERR   0x0001aa    program     static C:\Users\Connal\Desktop\Robot\LCData.X\LCData.asm
                  gWR_END   0x0001ac    program     static C:\Users\Connal\Desktop\Robot\LCData.X\LCData.asm
                  _9back1   0x0001ae    program     static C:\Users\Connal\Desktop\Robot\LCData.X\LCData.asm
                 write_mg   0x0001b8    program     static C:\Users\Connal\Desktop\Robot\LCData.X\LCData.asm
                 _10back1   0x0001ba    program     static C:\Users\Connal\Desktop\Robot\LCData.X\LCData.asm
                 _11back1   0x0001c6    program     static C:\Users\Connal\Desktop\Robot\LCData.X\LCData.asm
                 _13back1   0x0001d8    program     static C:\Users\Connal\Desktop\Robot\LCData.X\LCData.asm
                 _15back1   0x0001ea    program     static C:\Users\Connal\Desktop\Robot\LCData.X\LCData.asm
                  mWR_ERR   0x0001fc    program     static C:\Users\Connal\Desktop\Robot\LCData.X\LCData.asm
                  mWR_END   0x0001fe    program     static C:\Users\Connal\Desktop\Robot\LCData.X\LCData.asm
                 _17back1   0x000200    program     static C:\Users\Connal\Desktop\Robot\LCData.X\LCData.asm
                write_rtc   0x00020a    program     static C:\Users\Connal\Desktop\Robot\LCData.X\LCData.asm
                 _18back1   0x00020c    program     static C:\Users\Connal\Desktop\Robot\LCData.X\LCData.asm
                 _19back1   0x000218    program     static C:\Users\Connal\Desktop\Robot\LCData.X\LCData.asm
                 _21back1   0x00022a    program     static C:\Users\Connal\Desktop\Robot\LCData.X\LCData.asm
                 _23back1   0x00023c    program     static C:\Users\Connal\Desktop\Robot\LCData.X\LCData.asm
                   WR_ERR   0x00024e    program     static C:\Users\Connal\Desktop\Robot\LCData.X\LCData.asm
                   WR_END   0x000250    program     static C:\Users\Connal\Desktop\Robot\LCData.X\LCData.asm
                 _25back1   0x000252    program     static C:\Users\Connal\Desktop\Robot\LCData.X\LCData.asm
                read_gyro   0x00025c    program     static C:\Users\Connal\Desktop\Robot\LCData.X\LCData.asm
                 _26back1   0x00025e    program     static C:\Users\Connal\Desktop\Robot\LCData.X\LCData.asm
                 _27back1   0x00026a    program     static C:\Users\Connal\Desktop\Robot\LCData.X\LCData.asm
                 _29back1   0x00027c    program     static C:\Users\Connal\Desktop\Robot\LCData.X\LCData.asm
                 _31back1   0x00028c    program     static C:\Users\Connal\Desktop\Robot\LCData.X\LCData.asm
                 _32back1   0x000298    program     static C:\Users\Connal\Desktop\Robot\LCData.X\LCData.asm
                 _34back1   0x0002a8    program     static C:\Users\Connal\Desktop\Robot\LCData.X\LCData.asm
                 _35back1   0x0002b8    program     static C:\Users\Connal\Desktop\Robot\LCData.X\LCData.asm
                  read_mg   0x0002c4    program     static C:\Users\Connal\Desktop\Robot\LCData.X\LCData.asm
                 _36back1   0x0002c6    program     static C:\Users\Connal\Desktop\Robot\LCData.X\LCData.asm
                 _37back1   0x0002d2    program     static C:\Users\Connal\Desktop\Robot\LCData.X\LCData.asm
                 _39back1   0x0002e4    program     static C:\Users\Connal\Desktop\Robot\LCData.X\LCData.asm
                 _41back1   0x0002f4    program     static C:\Users\Connal\Desktop\Robot\LCData.X\LCData.asm
                 _42back1   0x000300    program     static C:\Users\Connal\Desktop\Robot\LCData.X\LCData.asm
                 _44back1   0x000310    program     static C:\Users\Connal\Desktop\Robot\LCData.X\LCData.asm
                 _45back1   0x000320    program     static C:\Users\Connal\Desktop\Robot\LCData.X\LCData.asm
                 read_rtc   0x00032c    program     static C:\Users\Connal\Desktop\Robot\LCData.X\LCData.asm
                 _46back1   0x00032e    program     static C:\Users\Connal\Desktop\Robot\LCData.X\LCData.asm
                 _47back1   0x00033a    program     static C:\Users\Connal\Desktop\Robot\LCData.X\LCData.asm
                 _49back1   0x00034c    program     static C:\Users\Connal\Desktop\Robot\LCData.X\LCData.asm
                 _51back1   0x00035c    program     static C:\Users\Connal\Desktop\Robot\LCData.X\LCData.asm
                 _52back1   0x000368    program     static C:\Users\Connal\Desktop\Robot\LCData.X\LCData.asm
                 _54back1   0x000378    program     static C:\Users\Connal\Desktop\Robot\LCData.X\LCData.asm
                 _55back1   0x000388    program     static C:\Users\Connal\Desktop\Robot\LCData.X\LCData.asm
                   RD_ERR   0x000394    program     static C:\Users\Connal\Desktop\Robot\LCData.X\LCData.asm
                   RD_END   0x000396    program     static C:\Users\Connal\Desktop\Robot\LCData.X\LCData.asm
                 _56back1   0x000398    program     static C:\Users\Connal\Desktop\Robot\LCData.X\LCData.asm
              rtc_convert   0x0003a2    program     static C:\Users\Connal\Desktop\Robot\LCData.X\LCData.asm
                 _57back1   0x0003b8    program     static C:\Users\Connal\Desktop\Robot\LCData.X\LCData.asm
                 _58back1   0x0003c4    program     static C:\Users\Connal\Desktop\Robot\LCData.X\LCData.asm
                 _60back1   0x0003d4    program     static C:\Users\Connal\Desktop\Robot\LCData.X\LCData.asm
                 _61back1   0x0003e4    program     static C:\Users\Connal\Desktop\Robot\LCData.X\LCData.asm
                    R_END   0x0003ec    program     static C:\Users\Connal\Desktop\Robot\LCData.X\LCData.asm
                 _62back1   0x0003ee    program     static C:\Users\Connal\Desktop\Robot\LCData.X\LCData.asm
                 Gyroinit   0x0003f8    program     static C:\Users\Connal\Desktop\Robot\LCData.X\LCData.asm
                   MGinit   0x000408    program     static C:\Users\Connal\Desktop\Robot\LCData.X\LCData.asm
                  RTCinit   0x000418    program     static C:\Users\Connal\Desktop\Robot\LCData.X\LCData.asm
                     Init   0x000428    program     static C:\Users\Connal\Desktop\Robot\LCData.X\LCData.asm
                 _63loop_   0x000478    program     static C:\Users\Connal\Desktop\Robot\LCData.X\LCData.asm
                 mainwait   0x00048e    program     static C:\Users\Connal\Desktop\Robot\LCData.X\LCData.asm
                arm_drive   0x000492    program     static C:\Users\Connal\Desktop\Robot\LCData.X\LCData.asm
                  retract   0x000496    program     static C:\Users\Connal\Desktop\Robot\LCData.X\LCData.asm
                 _64loop_   0x0004b0    program     static C:\Users\Connal\Desktop\Robot\LCData.X\LCData.asm
                     rest   0x0004ba    program     static C:\Users\Connal\Desktop\Robot\LCData.X\LCData.asm
                 armwait1   0x0004be    program     static C:\Users\Connal\Desktop\Robot\LCData.X\LCData.asm
                       d1   0x0004c8    program     static C:\Users\Connal\Desktop\Robot\LCData.X\LCData.asm
                driveabit   0x0004ca    program     static C:\Users\Connal\Desktop\Robot\LCData.X\LCData.asm
                 armwait2   0x0004e2    program     static C:\Users\Connal\Desktop\Robot\LCData.X\LCData.asm
                       d2   0x0004ec    program     static C:\Users\Connal\Desktop\Robot\LCData.X\LCData.asm
                   Atestf   0x0004f0    program     static C:\Users\Connal\Desktop\Robot\LCData.X\LCData.asm
                   Atestb   0x000506    program     static C:\Users\Connal\Desktop\Robot\LCData.X\LCData.asm
                   gSteer   0x00051c    program     static C:\Users\Connal\Desktop\Robot\LCData.X\LCData.asm
               gsteerloop   0x000528    program     static C:\Users\Connal\Desktop\Robot\LCData.X\LCData.asm
                 _65loop3   0x000540    program     static C:\Users\Connal\Desktop\Robot\LCData.X\LCData.asm
                 _65loop2   0x000552    program     static C:\Users\Connal\Desktop\Robot\LCData.X\LCData.asm
                 _65loop1   0x000564    program     static C:\Users\Connal\Desktop\Robot\LCData.X\LCData.asm
                   _65fin   0x000576    program     static C:\Users\Connal\Desktop\Robot\LCData.X\LCData.asm
                   RightT   0x00058a    program     static C:\Users\Connal\Desktop\Robot\LCData.X\LCData.asm
                    LeftT   0x000592    program     static C:\Users\Connal\Desktop\Robot\LCData.X\LCData.asm
                gsteerend   0x00059e    program     static C:\Users\Connal\Desktop\Robot\LCData.X\LCData.asm
                 _66loop3   0x0005c2    program     static C:\Users\Connal\Desktop\Robot\LCData.X\LCData.asm
                 _66loop2   0x0005d4    program     static C:\Users\Connal\Desktop\Robot\LCData.X\LCData.asm
                 _66loop1   0x0005e6    program     static C:\Users\Connal\Desktop\Robot\LCData.X\LCData.asm
                   _66fin   0x0005f8    program     static C:\Users\Connal\Desktop\Robot\LCData.X\LCData.asm
                 straight   0x00060a    program     static C:\Users\Connal\Desktop\Robot\LCData.X\LCData.asm
               straitwait   0x000614    program     static C:\Users\Connal\Desktop\Robot\LCData.X\LCData.asm
             steer_module   0x000618    program     static C:\Users\Connal\Desktop\Robot\LCData.X\LCData.asm
                 _68loop3   0x000634    program     static C:\Users\Connal\Desktop\Robot\LCData.X\LCData.asm
                 _68loop2   0x000646    program     static C:\Users\Connal\Desktop\Robot\LCData.X\LCData.asm
                 _68loop1   0x000658    program     static C:\Users\Connal\Desktop\Robot\LCData.X\LCData.asm
                   _68fin   0x00066a    program     static C:\Users\Connal\Desktop\Robot\LCData.X\LCData.asm
                steerloop   0x000676    program     static C:\Users\Connal\Desktop\Robot\LCData.X\LCData.asm
                 _70loop3   0x000694    program     static C:\Users\Connal\Desktop\Robot\LCData.X\LCData.asm
                 _70loop2   0x0006a6    program     static C:\Users\Connal\Desktop\Robot\LCData.X\LCData.asm
                 _70loop1   0x0006b8    program     static C:\Users\Connal\Desktop\Robot\LCData.X\LCData.asm
                   _70fin   0x0006ca    program     static C:\Users\Connal\Desktop\Robot\LCData.X\LCData.asm
                   stleft   0x0006ec    program     static C:\Users\Connal\Desktop\Robot\LCData.X\LCData.asm
                  stright   0x000706    program     static C:\Users\Connal\Desktop\Robot\LCData.X\LCData.asm
                 steerend   0x00071c    program     static C:\Users\Connal\Desktop\Robot\LCData.X\LCData.asm
                gyroinitt   0x000728    program     static C:\Users\Connal\Desktop\Robot\LCData.X\LCData.asm
                 _71loop_   0x000738    program     static C:\Users\Connal\Desktop\Robot\LCData.X\LCData.asm
                 gyroloop   0x000760    program     static C:\Users\Connal\Desktop\Robot\LCData.X\LCData.asm
                   mginit   0x000790    program     static C:\Users\Connal\Desktop\Robot\LCData.X\LCData.asm
                   mgtest   0x0007b2    program     static C:\Users\Connal\Desktop\Robot\LCData.X\LCData.asm
                   mgloop   0x0007b6    program     static C:\Users\Connal\Desktop\Robot\LCData.X\LCData.asm
                  encTest   0x0007de    program     static C:\Users\Connal\Desktop\Robot\LCData.X\LCData.asm
                   etloop   0x0007ea    program     static C:\Users\Connal\Desktop\Robot\LCData.X\LCData.asm
                 _72loop_   0x000802    program     static C:\Users\Connal\Desktop\Robot\LCData.X\LCData.asm
                 _73loop3   0x000818    program     static C:\Users\Connal\Desktop\Robot\LCData.X\LCData.asm
                 _73loop2   0x00082a    program     static C:\Users\Connal\Desktop\Robot\LCData.X\LCData.asm
                 _73loop1   0x00083c    program     static C:\Users\Connal\Desktop\Robot\LCData.X\LCData.asm
                   _73fin   0x00084e    program     static C:\Users\Connal\Desktop\Robot\LCData.X\LCData.asm
                 _74loop_   0x000862    program     static C:\Users\Connal\Desktop\Robot\LCData.X\LCData.asm
                 _75loop3   0x000878    program     static C:\Users\Connal\Desktop\Robot\LCData.X\LCData.asm
                 _75loop2   0x00088a    program     static C:\Users\Connal\Desktop\Robot\LCData.X\LCData.asm
                 _75loop1   0x00089c    program     static C:\Users\Connal\Desktop\Robot\LCData.X\LCData.asm
                   _75fin   0x0008ae    program     static C:\Users\Connal\Desktop\Robot\LCData.X\LCData.asm
                     main   0x0008c0    program     static C:\Users\Connal\Desktop\Robot\LCData.X\LCData.asm
                 _76loop_   0x0008e0    program     static C:\Users\Connal\Desktop\Robot\LCData.X\LCData.asm
                 mainloop   0x0008f6    program     static C:\Users\Connal\Desktop\Robot\LCData.X\LCData.asm
          barrel_detected   0x0008fe    program     static C:\Users\Connal\Desktop\Robot\LCData.X\LCData.asm
                  keywait   0x000910    program     static C:\Users\Connal\Desktop\Robot\LCData.X\LCData.asm
                    kloop   0x000914    program     static C:\Users\Connal\Desktop\Robot\LCData.X\LCData.asm
                   kloop2   0x00091a    program     static C:\Users\Connal\Desktop\Robot\LCData.X\LCData.asm
                     addB   0x000922    program     static C:\Users\Connal\Desktop\Robot\LCData.X\LCData.asm
               tallHandle   0x000928    program     static C:\Users\Connal\Desktop\Robot\LCData.X\LCData.asm
              shortHandle   0x000940    program     static C:\Users\Connal\Desktop\Robot\LCData.X\LCData.asm
                  find_CB   0x000958    program     static C:\Users\Connal\Desktop\Robot\LCData.X\LCData.asm
                      sb1   0x000982    program     static C:\Users\Connal\Desktop\Robot\LCData.X\LCData.asm
                      sb2   0x0009b6    program     static C:\Users\Connal\Desktop\Robot\LCData.X\LCData.asm
                      sb3   0x0009ea    program     static C:\Users\Connal\Desktop\Robot\LCData.X\LCData.asm
                      sb4   0x000a1e    program     static C:\Users\Connal\Desktop\Robot\LCData.X\LCData.asm
                      sb5   0x000a52    program     static C:\Users\Connal\Desktop\Robot\LCData.X\LCData.asm
                      sb6   0x000a86    program     static C:\Users\Connal\Desktop\Robot\LCData.X\LCData.asm
                      sb7   0x000aba    program     static C:\Users\Connal\Desktop\Robot\LCData.X\LCData.asm
                   finish   0x000aee    program     static C:\Users\Connal\Desktop\Robot\LCData.X\LCData.asm
                 _91loop_   0x000b0c    program     static C:\Users\Connal\Desktop\Robot\LCData.X\LCData.asm
                 _92loop_   0x000b2e    program     static C:\Users\Connal\Desktop\Robot\LCData.X\LCData.asm
                 _93loop3   0x000b44    program     static C:\Users\Connal\Desktop\Robot\LCData.X\LCData.asm
                 _93loop2   0x000b56    program     static C:\Users\Connal\Desktop\Robot\LCData.X\LCData.asm
                 _93loop1   0x000b68    program     static C:\Users\Connal\Desktop\Robot\LCData.X\LCData.asm
                   _93fin   0x000b7a    program     static C:\Users\Connal\Desktop\Robot\LCData.X\LCData.asm
                 _94loop_   0x000b8e    program     static C:\Users\Connal\Desktop\Robot\LCData.X\LCData.asm
                 _95loop3   0x000ba4    program     static C:\Users\Connal\Desktop\Robot\LCData.X\LCData.asm
                 _95loop2   0x000bb6    program     static C:\Users\Connal\Desktop\Robot\LCData.X\LCData.asm
                 _95loop1   0x000bc8    program     static C:\Users\Connal\Desktop\Robot\LCData.X\LCData.asm
                   _95fin   0x000bda    program     static C:\Users\Connal\Desktop\Robot\LCData.X\LCData.asm
                 _96loop_   0x000bee    program     static C:\Users\Connal\Desktop\Robot\LCData.X\LCData.asm
                 _97loop3   0x000c04    program     static C:\Users\Connal\Desktop\Robot\LCData.X\LCData.asm
                 _97loop2   0x000c16    program     static C:\Users\Connal\Desktop\Robot\LCData.X\LCData.asm
                 _97loop1   0x000c28    program     static C:\Users\Connal\Desktop\Robot\LCData.X\LCData.asm
                   _97fin   0x000c3a    program     static C:\Users\Connal\Desktop\Robot\LCData.X\LCData.asm
                 _98loop_   0x000c4e    program     static C:\Users\Connal\Desktop\Robot\LCData.X\LCData.asm
                 _99loop3   0x000c64    program     static C:\Users\Connal\Desktop\Robot\LCData.X\LCData.asm
                 _99loop2   0x000c76    program     static C:\Users\Connal\Desktop\Robot\LCData.X\LCData.asm
                 _99loop1   0x000c88    program     static C:\Users\Connal\Desktop\Robot\LCData.X\LCData.asm
                   _99fin   0x000c9a    program     static C:\Users\Connal\Desktop\Robot\LCData.X\LCData.asm
                    dwait   0x000caa    program     static C:\Users\Connal\Desktop\Robot\LCData.X\LCData.asm
                  finish2   0x000cb0    program     static C:\Users\Connal\Desktop\Robot\LCData.X\LCData.asm
                _100loop_   0x000cc4    program     static C:\Users\Connal\Desktop\Robot\LCData.X\LCData.asm
                _101loop3   0x000cda    program     static C:\Users\Connal\Desktop\Robot\LCData.X\LCData.asm
                _101loop2   0x000cec    program     static C:\Users\Connal\Desktop\Robot\LCData.X\LCData.asm
                _101loop1   0x000cfe    program     static C:\Users\Connal\Desktop\Robot\LCData.X\LCData.asm
                  _101fin   0x000d10    program     static C:\Users\Connal\Desktop\Robot\LCData.X\LCData.asm
                _102loop_   0x000d24    program     static C:\Users\Connal\Desktop\Robot\LCData.X\LCData.asm
                _103loop3   0x000d3a    program     static C:\Users\Connal\Desktop\Robot\LCData.X\LCData.asm
                _103loop2   0x000d4c    program     static C:\Users\Connal\Desktop\Robot\LCData.X\LCData.asm
                _103loop1   0x000d5e    program     static C:\Users\Connal\Desktop\Robot\LCData.X\LCData.asm
                  _103fin   0x000d70    program     static C:\Users\Connal\Desktop\Robot\LCData.X\LCData.asm
                   dwait2   0x000d80    program     static C:\Users\Connal\Desktop\Robot\LCData.X\LCData.asm
                  finish3   0x000d86    program     static C:\Users\Connal\Desktop\Robot\LCData.X\LCData.asm
                _104loop_   0x000da0    program     static C:\Users\Connal\Desktop\Robot\LCData.X\LCData.asm
                _105loop_   0x000dc0    program     static C:\Users\Connal\Desktop\Robot\LCData.X\LCData.asm
                _106wfull   0x000dda    program     static C:\Users\Connal\Desktop\Robot\LCData.X\LCData.asm
                _107loop_   0x000dea    program     static C:\Users\Connal\Desktop\Robot\LCData.X\LCData.asm
                _106whalf   0x000df8    program     static C:\Users\Connal\Desktop\Robot\LCData.X\LCData.asm
                _108loop_   0x000e08    program     static C:\Users\Connal\Desktop\Robot\LCData.X\LCData.asm
               _106wempty   0x000e16    program     static C:\Users\Connal\Desktop\Robot\LCData.X\LCData.asm
                _109loop_   0x000e26    program     static C:\Users\Connal\Desktop\Robot\LCData.X\LCData.asm
                 _106wend   0x000e30    program     static C:\Users\Connal\Desktop\Robot\LCData.X\LCData.asm
                _110loop_   0x000e40    program     static C:\Users\Connal\Desktop\Robot\LCData.X\LCData.asm
                _111loop3   0x000e56    program     static C:\Users\Connal\Desktop\Robot\LCData.X\LCData.asm
                _111loop2   0x000e68    program     static C:\Users\Connal\Desktop\Robot\LCData.X\LCData.asm
                _111loop1   0x000e7a    program     static C:\Users\Connal\Desktop\Robot\LCData.X\LCData.asm
                  _111fin   0x000e8c    program     static C:\Users\Connal\Desktop\Robot\LCData.X\LCData.asm
                _112loop_   0x000ea8    program     static C:\Users\Connal\Desktop\Robot\LCData.X\LCData.asm
                _113loop_   0x000ec4    program     static C:\Users\Connal\Desktop\Robot\LCData.X\LCData.asm
                _114loop_   0x000ee0    program     static C:\Users\Connal\Desktop\Robot\LCData.X\LCData.asm
                _115loop_   0x000f08    program     static C:\Users\Connal\Desktop\Robot\LCData.X\LCData.asm
                _116loop_   0x000f28    program     static C:\Users\Connal\Desktop\Robot\LCData.X\LCData.asm
                _117wfull   0x000f42    program     static C:\Users\Connal\Desktop\Robot\LCData.X\LCData.asm
                _118loop_   0x000f52    program     static C:\Users\Connal\Desktop\Robot\LCData.X\LCData.asm
                _117whalf   0x000f60    program     static C:\Users\Connal\Desktop\Robot\LCData.X\LCData.asm
                _119loop_   0x000f70    program     static C:\Users\Connal\Desktop\Robot\LCData.X\LCData.asm
               _117wempty   0x000f7e    program     static C:\Users\Connal\Desktop\Robot\LCData.X\LCData.asm
                _120loop_   0x000f8e    program     static C:\Users\Connal\Desktop\Robot\LCData.X\LCData.asm
                 _117wend   0x000f98    program     static C:\Users\Connal\Desktop\Robot\LCData.X\LCData.asm
                _121loop_   0x000fa8    program     static C:\Users\Connal\Desktop\Robot\LCData.X\LCData.asm
                _122loop3   0x000fbe    program     static C:\Users\Connal\Desktop\Robot\LCData.X\LCData.asm
                _122loop2   0x000fd0    program     static C:\Users\Connal\Desktop\Robot\LCData.X\LCData.asm
                _122loop1   0x000fe2    program     static C:\Users\Connal\Desktop\Robot\LCData.X\LCData.asm
                  _122fin   0x000ff4    program     static C:\Users\Connal\Desktop\Robot\LCData.X\LCData.asm
                _123loop_   0x001010    program     static C:\Users\Connal\Desktop\Robot\LCData.X\LCData.asm
                _124loop_   0x00102c    program     static C:\Users\Connal\Desktop\Robot\LCData.X\LCData.asm
                _125loop_   0x001048    program     static C:\Users\Connal\Desktop\Robot\LCData.X\LCData.asm
                _126loop_   0x001070    program     static C:\Users\Connal\Desktop\Robot\LCData.X\LCData.asm
                _127loop_   0x001090    program     static C:\Users\Connal\Desktop\Robot\LCData.X\LCData.asm
                _128wfull   0x0010aa    program     static C:\Users\Connal\Desktop\Robot\LCData.X\LCData.asm
                _129loop_   0x0010ba    program     static C:\Users\Connal\Desktop\Robot\LCData.X\LCData.asm
                _128whalf   0x0010c8    program     static C:\Users\Connal\Desktop\Robot\LCData.X\LCData.asm
                _130loop_   0x0010d8    program     static C:\Users\Connal\Desktop\Robot\LCData.X\LCData.asm
               _128wempty   0x0010e6    program     static C:\Users\Connal\Desktop\Robot\LCData.X\LCData.asm
                _131loop_   0x0010f6    program     static C:\Users\Connal\Desktop\Robot\LCData.X\LCData.asm
                 _128wend   0x001100    program     static C:\Users\Connal\Desktop\Robot\LCData.X\LCData.asm
                _132loop_   0x001110    program     static C:\Users\Connal\Desktop\Robot\LCData.X\LCData.asm
                _133loop3   0x001126    program     static C:\Users\Connal\Desktop\Robot\LCData.X\LCData.asm
                _133loop2   0x001138    program     static C:\Users\Connal\Desktop\Robot\LCData.X\LCData.asm
                _133loop1   0x00114a    program     static C:\Users\Connal\Desktop\Robot\LCData.X\LCData.asm
                  _133fin   0x00115c    program     static C:\Users\Connal\Desktop\Robot\LCData.X\LCData.asm
                _134loop_   0x001178    program     static C:\Users\Connal\Desktop\Robot\LCData.X\LCData.asm
                _135loop_   0x001194    program     static C:\Users\Connal\Desktop\Robot\LCData.X\LCData.asm
                _136loop_   0x0011b0    program     static C:\Users\Connal\Desktop\Robot\LCData.X\LCData.asm
                _137loop_   0x0011d8    program     static C:\Users\Connal\Desktop\Robot\LCData.X\LCData.asm
                _138loop_   0x0011f8    program     static C:\Users\Connal\Desktop\Robot\LCData.X\LCData.asm
                _139wfull   0x001212    program     static C:\Users\Connal\Desktop\Robot\LCData.X\LCData.asm
                _140loop_   0x001222    program     static C:\Users\Connal\Desktop\Robot\LCData.X\LCData.asm
                _139whalf   0x001230    program     static C:\Users\Connal\Desktop\Robot\LCData.X\LCData.asm
                _141loop_   0x001240    program     static C:\Users\Connal\Desktop\Robot\LCData.X\LCData.asm
               _139wempty   0x00124e    program     static C:\Users\Connal\Desktop\Robot\LCData.X\LCData.asm
                _142loop_   0x00125e    program     static C:\Users\Connal\Desktop\Robot\LCData.X\LCData.asm
                 _139wend   0x001268    program     static C:\Users\Connal\Desktop\Robot\LCData.X\LCData.asm
                _143loop_   0x001278    program     static C:\Users\Connal\Desktop\Robot\LCData.X\LCData.asm
                _144loop3   0x00128e    program     static C:\Users\Connal\Desktop\Robot\LCData.X\LCData.asm
                _144loop2   0x0012a0    program     static C:\Users\Connal\Desktop\Robot\LCData.X\LCData.asm
                _144loop1   0x0012b2    program     static C:\Users\Connal\Desktop\Robot\LCData.X\LCData.asm
                  _144fin   0x0012c4    program     static C:\Users\Connal\Desktop\Robot\LCData.X\LCData.asm
                _145loop_   0x0012e0    program     static C:\Users\Connal\Desktop\Robot\LCData.X\LCData.asm
                _146loop_   0x0012fc    program     static C:\Users\Connal\Desktop\Robot\LCData.X\LCData.asm
                _147loop_   0x001318    program     static C:\Users\Connal\Desktop\Robot\LCData.X\LCData.asm
                _148loop_   0x001340    program     static C:\Users\Connal\Desktop\Robot\LCData.X\LCData.asm
                _149loop_   0x001360    program     static C:\Users\Connal\Desktop\Robot\LCData.X\LCData.asm
                _150wfull   0x00137a    program     static C:\Users\Connal\Desktop\Robot\LCData.X\LCData.asm
                _151loop_   0x00138a    program     static C:\Users\Connal\Desktop\Robot\LCData.X\LCData.asm
                _150whalf   0x001398    program     static C:\Users\Connal\Desktop\Robot\LCData.X\LCData.asm
                _152loop_   0x0013a8    program     static C:\Users\Connal\Desktop\Robot\LCData.X\LCData.asm
               _150wempty   0x0013b6    program     static C:\Users\Connal\Desktop\Robot\LCData.X\LCData.asm
                _153loop_   0x0013c6    program     static C:\Users\Connal\Desktop\Robot\LCData.X\LCData.asm
                 _150wend   0x0013d0    program     static C:\Users\Connal\Desktop\Robot\LCData.X\LCData.asm
                _154loop_   0x0013e0    program     static C:\Users\Connal\Desktop\Robot\LCData.X\LCData.asm
                _155loop3   0x0013f6    program     static C:\Users\Connal\Desktop\Robot\LCData.X\LCData.asm
                _155loop2   0x001408    program     static C:\Users\Connal\Desktop\Robot\LCData.X\LCData.asm
                _155loop1   0x00141a    program     static C:\Users\Connal\Desktop\Robot\LCData.X\LCData.asm
                  _155fin   0x00142c    program     static C:\Users\Connal\Desktop\Robot\LCData.X\LCData.asm
                _156loop_   0x001448    program     static C:\Users\Connal\Desktop\Robot\LCData.X\LCData.asm
                _157loop_   0x001464    program     static C:\Users\Connal\Desktop\Robot\LCData.X\LCData.asm
                _158loop_   0x001480    program     static C:\Users\Connal\Desktop\Robot\LCData.X\LCData.asm
                _159loop_   0x0014a8    program     static C:\Users\Connal\Desktop\Robot\LCData.X\LCData.asm
                _160loop_   0x0014c8    program     static C:\Users\Connal\Desktop\Robot\LCData.X\LCData.asm
                _161wfull   0x0014e2    program     static C:\Users\Connal\Desktop\Robot\LCData.X\LCData.asm
                _162loop_   0x0014f2    program     static C:\Users\Connal\Desktop\Robot\LCData.X\LCData.asm
                _161whalf   0x001500    program     static C:\Users\Connal\Desktop\Robot\LCData.X\LCData.asm
                _163loop_   0x001510    program     static C:\Users\Connal\Desktop\Robot\LCData.X\LCData.asm
               _161wempty   0x00151e    program     static C:\Users\Connal\Desktop\Robot\LCData.X\LCData.asm
                _164loop_   0x00152e    program     static C:\Users\Connal\Desktop\Robot\LCData.X\LCData.asm
                 _161wend   0x001538    program     static C:\Users\Connal\Desktop\Robot\LCData.X\LCData.asm
                _165loop_   0x001548    program     static C:\Users\Connal\Desktop\Robot\LCData.X\LCData.asm
                _166loop3   0x00155e    program     static C:\Users\Connal\Desktop\Robot\LCData.X\LCData.asm
                _166loop2   0x001570    program     static C:\Users\Connal\Desktop\Robot\LCData.X\LCData.asm
                _166loop1   0x001582    program     static C:\Users\Connal\Desktop\Robot\LCData.X\LCData.asm
                  _166fin   0x001594    program     static C:\Users\Connal\Desktop\Robot\LCData.X\LCData.asm
                _167loop_   0x0015b0    program     static C:\Users\Connal\Desktop\Robot\LCData.X\LCData.asm
                _168loop_   0x0015cc    program     static C:\Users\Connal\Desktop\Robot\LCData.X\LCData.asm
                _169loop_   0x0015e8    program     static C:\Users\Connal\Desktop\Robot\LCData.X\LCData.asm
                _170loop_   0x001610    program     static C:\Users\Connal\Desktop\Robot\LCData.X\LCData.asm
                _171loop_   0x001630    program     static C:\Users\Connal\Desktop\Robot\LCData.X\LCData.asm
                _172wfull   0x00164a    program     static C:\Users\Connal\Desktop\Robot\LCData.X\LCData.asm
                _173loop_   0x00165a    program     static C:\Users\Connal\Desktop\Robot\LCData.X\LCData.asm
                _172whalf   0x001668    program     static C:\Users\Connal\Desktop\Robot\LCData.X\LCData.asm
                _174loop_   0x001678    program     static C:\Users\Connal\Desktop\Robot\LCData.X\LCData.asm
               _172wempty   0x001686    program     static C:\Users\Connal\Desktop\Robot\LCData.X\LCData.asm
                _175loop_   0x001696    program     static C:\Users\Connal\Desktop\Robot\LCData.X\LCData.asm
                 _172wend   0x0016a0    program     static C:\Users\Connal\Desktop\Robot\LCData.X\LCData.asm
                _176loop_   0x0016b0    program     static C:\Users\Connal\Desktop\Robot\LCData.X\LCData.asm
                _177loop3   0x0016c6    program     static C:\Users\Connal\Desktop\Robot\LCData.X\LCData.asm
                _177loop2   0x0016d8    program     static C:\Users\Connal\Desktop\Robot\LCData.X\LCData.asm
                _177loop1   0x0016ea    program     static C:\Users\Connal\Desktop\Robot\LCData.X\LCData.asm
                  _177fin   0x0016fc    program     static C:\Users\Connal\Desktop\Robot\LCData.X\LCData.asm
                _178loop_   0x001718    program     static C:\Users\Connal\Desktop\Robot\LCData.X\LCData.asm
                _179loop_   0x001734    program     static C:\Users\Connal\Desktop\Robot\LCData.X\LCData.asm
                _180loop_   0x001750    program     static C:\Users\Connal\Desktop\Robot\LCData.X\LCData.asm
                    shend   0x001762    program     static C:\Users\Connal\Desktop\Robot\LCData.X\LCData.asm
                _181loop_   0x001776    program     static C:\Users\Connal\Desktop\Robot\LCData.X\LCData.asm
                  setints   0x001788    program     static C:\Users\Connal\Desktop\Robot\LCData.X\LCData.asm
                show_gyro   0x0017a0    program     static C:\Users\Connal\Desktop\Robot\LCData.X\LCData.asm
                  show_MG   0x0017ae    program     static C:\Users\Connal\Desktop\Robot\LCData.X\LCData.asm
                _184loop3   0x0017d2    program     static C:\Users\Connal\Desktop\Robot\LCData.X\LCData.asm
                _184loop2   0x0017e4    program     static C:\Users\Connal\Desktop\Robot\LCData.X\LCData.asm
                _184loop1   0x0017f6    program     static C:\Users\Connal\Desktop\Robot\LCData.X\LCData.asm
                  _184fin   0x001808    program     static C:\Users\Connal\Desktop\Robot\LCData.X\LCData.asm
                _186loop3   0x001832    program     static C:\Users\Connal\Desktop\Robot\LCData.X\LCData.asm
                _186loop2   0x001844    program     static C:\Users\Connal\Desktop\Robot\LCData.X\LCData.asm
                _186loop1   0x001856    program     static C:\Users\Connal\Desktop\Robot\LCData.X\LCData.asm
                  _186fin   0x001868    program     static C:\Users\Connal\Desktop\Robot\LCData.X\LCData.asm
                 show_RTC   0x00186e    program     static C:\Users\Connal\Desktop\Robot\LCData.X\LCData.asm
               fgetoptime   0x0018fe    program     static C:\Users\Connal\Desktop\Robot\LCData.X\LCData.asm
             set_rtc_time   0x001940    program     static C:\Users\Connal\Desktop\Robot\LCData.X\LCData.asm
                     OneS   0x0019ce    program     static C:\Users\Connal\Desktop\Robot\LCData.X\LCData.asm
                 _0OneS_0   0x0019da    program     static C:\Users\Connal\Desktop\Robot\LCData.X\LCData.asm
                       l8   0x0019e2    program     static C:\Users\Connal\Desktop\Robot\LCData.X\LCData.asm
                       l9   0x0019e8    program     static C:\Users\Connal\Desktop\Robot\LCData.X\LCData.asm
                      l10   0x0019f0    program     static C:\Users\Connal\Desktop\Robot\LCData.X\LCData.asm
             count_module   0x0019f6    program     static C:\Users\Connal\Desktop\Robot\LCData.X\LCData.asm
                    cwait   0x0019fe    program     static C:\Users\Connal\Desktop\Robot\LCData.X\LCData.asm
                LS_module   0x001a16    program     static C:\Users\Connal\Desktop\Robot\LCData.X\LCData.asm
                   LSloop   0x001a1e    program     static C:\Users\Connal\Desktop\Robot\LCData.X\LCData.asm
                  PWMinit   0x001a28    program     static C:\Users\Connal\Desktop\Robot\LCData.X\LCData.asm
               PWM_module   0x001a28    program     static C:\Users\Connal\Desktop\Robot\LCData.X\LCData.asm
                  pwmwait   0x001a46    program     static C:\Users\Connal\Desktop\Robot\LCData.X\LCData.asm
                test50100   0x001a4a    program     static C:\Users\Connal\Desktop\Robot\LCData.X\LCData.asm
                   setPWM   0x001a92    program     static C:\Users\Connal\Desktop\Robot\LCData.X\LCData.asm
               DirectionC   0x001a9c    program     static C:\Users\Connal\Desktop\Robot\LCData.X\LCData.asm
                    armUS   0x001b12    program     static C:\Users\Connal\Desktop\Robot\LCData.X\LCData.asm
                _202loop_   0x001b28    program     static C:\Users\Connal\Desktop\Robot\LCData.X\LCData.asm
                  aloopUS   0x001b32    program     static C:\Users\Connal\Desktop\Robot\LCData.X\LCData.asm
                   apause   0x001b3e    program     static C:\Users\Connal\Desktop\Robot\LCData.X\LCData.asm
                      aw1   0x001b46    program     static C:\Users\Connal\Desktop\Robot\LCData.X\LCData.asm
                      aw2   0x001b50    program     static C:\Users\Connal\Desktop\Robot\LCData.X\LCData.asm
                   aendUS   0x001b6a    program     static C:\Users\Connal\Desktop\Robot\LCData.X\LCData.asm
                _203loop3   0x001b7c    program     static C:\Users\Connal\Desktop\Robot\LCData.X\LCData.asm
                _203loop2   0x001b8e    program     static C:\Users\Connal\Desktop\Robot\LCData.X\LCData.asm
                _203loop1   0x001ba0    program     static C:\Users\Connal\Desktop\Robot\LCData.X\LCData.asm
                  _203fin   0x001bb2    program     static C:\Users\Connal\Desktop\Robot\LCData.X\LCData.asm
                US_module   0x001bc8    program     static C:\Users\Connal\Desktop\Robot\LCData.X\LCData.asm
                   loopUS   0x001bd0    program     static C:\Users\Connal\Desktop\Robot\LCData.X\LCData.asm
                    pause   0x001be0    program     static C:\Users\Connal\Desktop\Robot\LCData.X\LCData.asm
                       w1   0x001be8    program     static C:\Users\Connal\Desktop\Robot\LCData.X\LCData.asm
                       w2   0x001bf2    program     static C:\Users\Connal\Desktop\Robot\LCData.X\LCData.asm
                    endUS   0x001c0e    program     static C:\Users\Connal\Desktop\Robot\LCData.X\LCData.asm
                  loopUS1   0x001c1e    program     static C:\Users\Connal\Desktop\Robot\LCData.X\LCData.asm
                   pause1   0x001c2e    program     static C:\Users\Connal\Desktop\Robot\LCData.X\LCData.asm
                      w11   0x001c36    program     static C:\Users\Connal\Desktop\Robot\LCData.X\LCData.asm
                      w21   0x001c40    program     static C:\Users\Connal\Desktop\Robot\LCData.X\LCData.asm
                   endUS1   0x001c5c    program     static C:\Users\Connal\Desktop\Robot\LCData.X\LCData.asm
                  loopUS2   0x001c72    program     static C:\Users\Connal\Desktop\Robot\LCData.X\LCData.asm
                   pause2   0x001c82    program     static C:\Users\Connal\Desktop\Robot\LCData.X\LCData.asm
                      w12   0x001c8a    program     static C:\Users\Connal\Desktop\Robot\LCData.X\LCData.asm
                      w22   0x001c94    program     static C:\Users\Connal\Desktop\Robot\LCData.X\LCData.asm
                   endUS2   0x001cb0    program     static C:\Users\Connal\Desktop\Robot\LCData.X\LCData.asm
                     wait   0x001ccc    program     static C:\Users\Connal\Desktop\Robot\LCData.X\LCData.asm
              check_sense   0x001cd0    program     static C:\Users\Connal\Desktop\Robot\LCData.X\LCData.asm
                senseloop   0x001cd4    program     static C:\Users\Connal\Desktop\Robot\LCData.X\LCData.asm
                enchandle   0x001cdc    program     static C:\Users\Connal\Desktop\Robot\LCData.X\LCData.asm
                  rhandle   0x001cea    program     static C:\Users\Connal\Desktop\Robot\LCData.X\LCData.asm
                   encend   0x001cfa    program     static C:\Users\Connal\Desktop\Robot\LCData.X\LCData.asm
                 encextra   0x001cfc    program     static C:\Users\Connal\Desktop\Robot\LCData.X\LCData.asm
                  lhandle   0x001d04    program     static C:\Users\Connal\Desktop\Robot\LCData.X\LCData.asm
                   sdelay   0x001d0e    program     static C:\Users\Connal\Desktop\Robot\LCData.X\LCData.asm
                    sloop   0x001d12    program     static C:\Users\Connal\Desktop\Robot\LCData.X\LCData.asm
                   tdelay   0x001d1e    program     static C:\Users\Connal\Desktop\Robot\LCData.X\LCData.asm
                    tloop   0x001d22    program     static C:\Users\Connal\Desktop\Robot\LCData.X\LCData.asm
             lcdLongDelay   0x001d2e    program     static C:\Users\Connal\Desktop\Robot\LCData.X\LCData.asm
                 LLD_LOOP   0x001d32    program     static C:\Users\Connal\Desktop\Robot\LCData.X\LCData.asm
                LCD_DELAY   0x001d32    program     static C:\Users\Connal\Desktop\Robot\LCData.X\LCData.asm
                  WrtNum2   0x001d3a    program     static C:\Users\Connal\Desktop\Robot\LCData.X\LCData.asm
                   WrtNum   0x001d62    program     static C:\Users\Connal\Desktop\Robot\LCData.X\LCData.asm
                  InitLCD   0x001d7c    program     extern C:\Users\Connal\Desktop\Robot\LCData.X\lcd.asm
                  WR_DATA   0x001dd4    program     extern C:\Users\Connal\Desktop\Robot\LCData.X\lcd.asm
                   WR_INS   0x001dfa    program     extern C:\Users\Connal\Desktop\Robot\LCData.X\lcd.asm
                   WrtLCD   0x001e1e    program     extern C:\Users\Connal\Desktop\Robot\LCData.X\lcd.asm
                   tdelay   0x001e34    program     static C:\Users\Connal\Desktop\Robot\LCData.X\lcd.asm
                    tloop   0x001e38    program     static C:\Users\Connal\Desktop\Robot\LCData.X\lcd.asm
                   ClrLCD   0x001e44    program     extern C:\Users\Connal\Desktop\Robot\LCData.X\lcd.asm
                   ClkLCD   0x001e54    program     extern C:\Users\Connal\Desktop\Robot\LCData.X\lcd.asm
              _.code_00E4   0x001e60    program     static C:\Users\Connal\Desktop\Robot\LCData.X\lcd.asm
                   MovMSB   0x001e66    program     static C:\Users\Connal\Desktop\Robot\LCData.X\lcd.asm
             lcdLongDelay   0x001e70    program     static C:\Users\Connal\Desktop\Robot\LCData.X\lcd.asm
                 LLD_LOOP   0x001e74    program     static C:\Users\Connal\Desktop\Robot\LCData.X\lcd.asm
              _.code_00FE   0x001e7a    program     static C:\Users\Connal\Desktop\Robot\LCData.X\lcd.asm
                   COUNTH   0x000080       data     static C:\Users\Connal\Desktop\Robot\LCData.X\LCData.asm
                   COUNTM   0x000081       data     static C:\Users\Connal\Desktop\Robot\LCData.X\LCData.asm
                   COUNTL   0x000082       data     static C:\Users\Connal\Desktop\Robot\LCData.X\LCData.asm
                  lcd_tmp   0x000083       data     static C:\Users\Connal\Desktop\Robot\LCData.X\lcd.asm
                   lcd_d1   0x000084       data     static C:\Users\Connal\Desktop\Robot\LCData.X\lcd.asm
                   lcd_d2   0x000085       data     static C:\Users\Connal\Desktop\Robot\LCData.X\lcd.asm
                   lcd_td   0x000086       data     static C:\Users\Connal\Desktop\Robot\LCData.X\lcd.asm
                      dat   0x000087       data     static C:\Users\Connal\Desktop\Robot\LCData.X\lcd.asm
                      com   0x000088       data     static C:\Users\Connal\Desktop\Robot\LCData.X\lcd.asm


