MPLINK 5.08, LINKER
Linker Map File - Created Wed Mar 30 03:28:28 2016

                                 Section Info
                  Section       Type    Address   Location Size(Bytes)
                ---------  ---------  ---------  ---------  ---------
                   .org_0       code   0x000000    program   0x000004
                   .cinit    romdata   0x000004    program   0x000002
                   .org_1       code   0x000008    program   0x001d74
                    .code       code   0x001d7c    program   0x00010a
.config_300001_BUILD/DEFAULT/PRODUCTION/LCDATA.    romdata   0x300001    program   0x000001
.config_300002_BUILD/DEFAULT/PRODUCTION/LCDATA.    romdata   0x300002    program   0x000001
.config_300003_BUILD/DEFAULT/PRODUCTION/LCDATA.    romdata   0x300003    program   0x000001
.config_300005_BUILD/DEFAULT/PRODUCTION/LCDATA.    romdata   0x300005    program   0x000001
.config_300006_BUILD/DEFAULT/PRODUCTION/LCDATA.    romdata   0x300006    program   0x000001
.config_300008_BUILD/DEFAULT/PRODUCTION/LCDATA.    romdata   0x300008    program   0x000001
.config_300009_BUILD/DEFAULT/PRODUCTION/LCDATA.    romdata   0x300009    program   0x000001
.config_30000A_BUILD/DEFAULT/PRODUCTION/LCDATA.    romdata   0x30000a    program   0x000001
.config_30000B_BUILD/DEFAULT/PRODUCTION/LCDATA.    romdata   0x30000b    program   0x000001
.config_30000C_BUILD/DEFAULT/PRODUCTION/LCDATA.    romdata   0x30000c    program   0x000001
.config_30000D_BUILD/DEFAULT/PRODUCTION/LCDATA.    romdata   0x30000d    program   0x000001
                   .udata      udata   0x000080       data   0x000009



                              Program Memory Usage 
                               Start         End      
                           ---------   ---------      
                            0x000000    0x000005      
                            0x000008    0x001e85      
                            0x300001    0x300003      
                            0x300005    0x300006      
                            0x300008    0x30000d      
            7823 out of 66584 program addresses used, program memory utilization is 11%



                              Symbols - Sorted by Name
                     Name    Address   Location    Storage File                     
                ---------  ---------  ---------  --------- ---------                
                   Atestb   0x0004ca    program     static C:\Users\Connal\Desktop\Robot\LCData.X\LCData.asm
                   Atestf   0x0004b4    program     static C:\Users\Connal\Desktop\Robot\LCData.X\LCData.asm
                   Barrel   0x0000b6    program     static C:\Users\Connal\Desktop\Robot\LCData.X\LCData.asm
                   ClkLCD   0x001e54    program     extern C:\Users\Connal\Desktop\Robot\LCData.X\lcd.asm
                   ClrLCD   0x001e44    program     extern C:\Users\Connal\Desktop\Robot\LCData.X\lcd.asm
               DirectionC   0x001a6c    program     static C:\Users\Connal\Desktop\Robot\LCData.X\LCData.asm
                     Done   0x00007c    program     static C:\Users\Connal\Desktop\Robot\LCData.X\LCData.asm
                    Done2   0x000080    program     static C:\Users\Connal\Desktop\Robot\LCData.X\LCData.asm
                    Done3   0x000086    program     static C:\Users\Connal\Desktop\Robot\LCData.X\LCData.asm
                    Done4   0x0000a6    program     static C:\Users\Connal\Desktop\Robot\LCData.X\LCData.asm
                    Done5   0x0000ac    program     static C:\Users\Connal\Desktop\Robot\LCData.X\LCData.asm
                    Done6   0x0000b0    program     static C:\Users\Connal\Desktop\Robot\LCData.X\LCData.asm
                   Emptys   0x000116    program     static C:\Users\Connal\Desktop\Robot\LCData.X\LCData.asm
                    Fulls   0x0000ba    program     static C:\Users\Connal\Desktop\Robot\LCData.X\LCData.asm
                 Gyroinit   0x0003f8    program     static C:\Users\Connal\Desktop\Robot\LCData.X\LCData.asm
                    Halfs   0x00010e    program     static C:\Users\Connal\Desktop\Robot\LCData.X\LCData.asm
                      Hob   0x000136    program     static C:\Users\Connal\Desktop\Robot\LCData.X\LCData.asm
                     Init   0x00042c    program     static C:\Users\Connal\Desktop\Robot\LCData.X\LCData.asm
                  InitLCD   0x001d7c    program     extern C:\Users\Connal\Desktop\Robot\LCData.X\lcd.asm
                LCD_DELAY   0x001d32    program     static C:\Users\Connal\Desktop\Robot\LCData.X\LCData.asm
                 LLD_LOOP   0x001d32    program     static C:\Users\Connal\Desktop\Robot\LCData.X\LCData.asm
                 LLD_LOOP   0x001e74    program     static C:\Users\Connal\Desktop\Robot\LCData.X\lcd.asm
                LS_module   0x0019e4    program     static C:\Users\Connal\Desktop\Robot\LCData.X\LCData.asm
                   LSloop   0x0019ec    program     static C:\Users\Connal\Desktop\Robot\LCData.X\LCData.asm
                  LeftInt   0x00006e    program     static C:\Users\Connal\Desktop\Robot\LCData.X\LCData.asm
                    LeftT   0x000556    program     static C:\Users\Connal\Desktop\Robot\LCData.X\LCData.asm
                 Location   0x0000c2    program     static C:\Users\Connal\Desktop\Robot\LCData.X\LCData.asm
                   MGinit   0x000408    program     static C:\Users\Connal\Desktop\Robot\LCData.X\LCData.asm
                   MovMSB   0x001e66    program     static C:\Users\Connal\Desktop\Robot\LCData.X\lcd.asm
                      Nob   0x00011e    program     static C:\Users\Connal\Desktop\Robot\LCData.X\LCData.asm
                     OneS   0x00199c    program     static C:\Users\Connal\Desktop\Robot\LCData.X\LCData.asm
                 OperTime   0x0000e4    program     static C:\Users\Connal\Desktop\Robot\LCData.X\LCData.asm
               PWM_module   0x0019f6    program     static C:\Users\Connal\Desktop\Robot\LCData.X\LCData.asm
                  PWMinit   0x0019f6    program     static C:\Users\Connal\Desktop\Robot\LCData.X\LCData.asm
                   RD_END   0x000396    program     static C:\Users\Connal\Desktop\Robot\LCData.X\LCData.asm
                   RD_ERR   0x000394    program     static C:\Users\Connal\Desktop\Robot\LCData.X\LCData.asm
                  RTCinit   0x000418    program     static C:\Users\Connal\Desktop\Robot\LCData.X\LCData.asm
                    R_END   0x0003ec    program     static C:\Users\Connal\Desktop\Robot\LCData.X\LCData.asm
                    Ready   0x00005e    program     static C:\Users\Connal\Desktop\Robot\LCData.X\LCData.asm
                 RightInt   0x000068    program     static C:\Users\Connal\Desktop\Robot\LCData.X\LCData.asm
                   RightT   0x00054e    program     static C:\Users\Connal\Desktop\Robot\LCData.X\LCData.asm
                  Running   0x000074    program     static C:\Users\Connal\Desktop\Robot\LCData.X\LCData.asm
                US_module   0x001b98    program     static C:\Users\Connal\Desktop\Robot\LCData.X\LCData.asm
                  WR_DATA   0x001dd4    program     extern C:\Users\Connal\Desktop\Robot\LCData.X\lcd.asm
                   WR_END   0x000250    program     static C:\Users\Connal\Desktop\Robot\LCData.X\LCData.asm
                   WR_ERR   0x00024e    program     static C:\Users\Connal\Desktop\Robot\LCData.X\LCData.asm
                   WR_INS   0x001dfa    program     extern C:\Users\Connal\Desktop\Robot\LCData.X\lcd.asm
                   WrtLCD   0x001e1e    program     extern C:\Users\Connal\Desktop\Robot\LCData.X\lcd.asm
                   WrtNum   0x001d62    program     static C:\Users\Connal\Desktop\Robot\LCData.X\LCData.asm
                  WrtNum2   0x001d3a    program     static C:\Users\Connal\Desktop\Robot\LCData.X\LCData.asm
              _.code_00E4   0x001e60    program     static C:\Users\Connal\Desktop\Robot\LCData.X\lcd.asm
              _.code_00FE   0x001e7a    program     static C:\Users\Connal\Desktop\Robot\LCData.X\lcd.asm
                 _0OneS_0   0x0019a8    program     static C:\Users\Connal\Desktop\Robot\LCData.X\LCData.asm
                _100loop_   0x000d5e    program     static C:\Users\Connal\Desktop\Robot\LCData.X\LCData.asm
                _101loop_   0x000d7e    program     static C:\Users\Connal\Desktop\Robot\LCData.X\LCData.asm
               _102wempty   0x000dd4    program     static C:\Users\Connal\Desktop\Robot\LCData.X\LCData.asm
                 _102wend   0x000dee    program     static C:\Users\Connal\Desktop\Robot\LCData.X\LCData.asm
                _102wfull   0x000d98    program     static C:\Users\Connal\Desktop\Robot\LCData.X\LCData.asm
                _102whalf   0x000db6    program     static C:\Users\Connal\Desktop\Robot\LCData.X\LCData.asm
                _103loop_   0x000da8    program     static C:\Users\Connal\Desktop\Robot\LCData.X\LCData.asm
                _104loop_   0x000dc6    program     static C:\Users\Connal\Desktop\Robot\LCData.X\LCData.asm
                _105loop_   0x000de4    program     static C:\Users\Connal\Desktop\Robot\LCData.X\LCData.asm
                _106loop_   0x000dfe    program     static C:\Users\Connal\Desktop\Robot\LCData.X\LCData.asm
                  _107fin   0x000e4a    program     static C:\Users\Connal\Desktop\Robot\LCData.X\LCData.asm
                _107loop1   0x000e38    program     static C:\Users\Connal\Desktop\Robot\LCData.X\LCData.asm
                _107loop2   0x000e26    program     static C:\Users\Connal\Desktop\Robot\LCData.X\LCData.asm
                _107loop3   0x000e14    program     static C:\Users\Connal\Desktop\Robot\LCData.X\LCData.asm
                _108loop_   0x000e66    program     static C:\Users\Connal\Desktop\Robot\LCData.X\LCData.asm
                _109loop_   0x000e82    program     static C:\Users\Connal\Desktop\Robot\LCData.X\LCData.asm
                 _10back1   0x0001ba    program     static C:\Users\Connal\Desktop\Robot\LCData.X\LCData.asm
                _110loop_   0x000e9c    program     static C:\Users\Connal\Desktop\Robot\LCData.X\LCData.asm
                _111loop_   0x000ec4    program     static C:\Users\Connal\Desktop\Robot\LCData.X\LCData.asm
                _112loop_   0x000ee4    program     static C:\Users\Connal\Desktop\Robot\LCData.X\LCData.asm
               _113wempty   0x000f3a    program     static C:\Users\Connal\Desktop\Robot\LCData.X\LCData.asm
                 _113wend   0x000f54    program     static C:\Users\Connal\Desktop\Robot\LCData.X\LCData.asm
                _113wfull   0x000efe    program     static C:\Users\Connal\Desktop\Robot\LCData.X\LCData.asm
                _113whalf   0x000f1c    program     static C:\Users\Connal\Desktop\Robot\LCData.X\LCData.asm
                _114loop_   0x000f0e    program     static C:\Users\Connal\Desktop\Robot\LCData.X\LCData.asm
                _115loop_   0x000f2c    program     static C:\Users\Connal\Desktop\Robot\LCData.X\LCData.asm
                _116loop_   0x000f4a    program     static C:\Users\Connal\Desktop\Robot\LCData.X\LCData.asm
                _117loop_   0x000f64    program     static C:\Users\Connal\Desktop\Robot\LCData.X\LCData.asm
                  _118fin   0x000fb0    program     static C:\Users\Connal\Desktop\Robot\LCData.X\LCData.asm
                _118loop1   0x000f9e    program     static C:\Users\Connal\Desktop\Robot\LCData.X\LCData.asm
                _118loop2   0x000f8c    program     static C:\Users\Connal\Desktop\Robot\LCData.X\LCData.asm
                _118loop3   0x000f7a    program     static C:\Users\Connal\Desktop\Robot\LCData.X\LCData.asm
                _119loop_   0x000fcc    program     static C:\Users\Connal\Desktop\Robot\LCData.X\LCData.asm
                 _11back1   0x0001c6    program     static C:\Users\Connal\Desktop\Robot\LCData.X\LCData.asm
                _120loop_   0x000fe8    program     static C:\Users\Connal\Desktop\Robot\LCData.X\LCData.asm
                _121loop_   0x001002    program     static C:\Users\Connal\Desktop\Robot\LCData.X\LCData.asm
                _122loop_   0x00102a    program     static C:\Users\Connal\Desktop\Robot\LCData.X\LCData.asm
                _123loop_   0x00104a    program     static C:\Users\Connal\Desktop\Robot\LCData.X\LCData.asm
               _124wempty   0x0010a0    program     static C:\Users\Connal\Desktop\Robot\LCData.X\LCData.asm
                 _124wend   0x0010ba    program     static C:\Users\Connal\Desktop\Robot\LCData.X\LCData.asm
                _124wfull   0x001064    program     static C:\Users\Connal\Desktop\Robot\LCData.X\LCData.asm
                _124whalf   0x001082    program     static C:\Users\Connal\Desktop\Robot\LCData.X\LCData.asm
                _125loop_   0x001074    program     static C:\Users\Connal\Desktop\Robot\LCData.X\LCData.asm
                _126loop_   0x001092    program     static C:\Users\Connal\Desktop\Robot\LCData.X\LCData.asm
                _127loop_   0x0010b0    program     static C:\Users\Connal\Desktop\Robot\LCData.X\LCData.asm
                _128loop_   0x0010ca    program     static C:\Users\Connal\Desktop\Robot\LCData.X\LCData.asm
                  _129fin   0x001116    program     static C:\Users\Connal\Desktop\Robot\LCData.X\LCData.asm
                _129loop1   0x001104    program     static C:\Users\Connal\Desktop\Robot\LCData.X\LCData.asm
                _129loop2   0x0010f2    program     static C:\Users\Connal\Desktop\Robot\LCData.X\LCData.asm
                _129loop3   0x0010e0    program     static C:\Users\Connal\Desktop\Robot\LCData.X\LCData.asm
                _130loop_   0x001132    program     static C:\Users\Connal\Desktop\Robot\LCData.X\LCData.asm
                _131loop_   0x00114e    program     static C:\Users\Connal\Desktop\Robot\LCData.X\LCData.asm
                _132loop_   0x001168    program     static C:\Users\Connal\Desktop\Robot\LCData.X\LCData.asm
                _133loop_   0x001190    program     static C:\Users\Connal\Desktop\Robot\LCData.X\LCData.asm
                _134loop_   0x0011b0    program     static C:\Users\Connal\Desktop\Robot\LCData.X\LCData.asm
               _135wempty   0x001206    program     static C:\Users\Connal\Desktop\Robot\LCData.X\LCData.asm
                 _135wend   0x001220    program     static C:\Users\Connal\Desktop\Robot\LCData.X\LCData.asm
                _135wfull   0x0011ca    program     static C:\Users\Connal\Desktop\Robot\LCData.X\LCData.asm
                _135whalf   0x0011e8    program     static C:\Users\Connal\Desktop\Robot\LCData.X\LCData.asm
                _136loop_   0x0011da    program     static C:\Users\Connal\Desktop\Robot\LCData.X\LCData.asm
                _137loop_   0x0011f8    program     static C:\Users\Connal\Desktop\Robot\LCData.X\LCData.asm
                _138loop_   0x001216    program     static C:\Users\Connal\Desktop\Robot\LCData.X\LCData.asm
                _139loop_   0x001230    program     static C:\Users\Connal\Desktop\Robot\LCData.X\LCData.asm
                 _13back1   0x0001d8    program     static C:\Users\Connal\Desktop\Robot\LCData.X\LCData.asm
                  _140fin   0x00127c    program     static C:\Users\Connal\Desktop\Robot\LCData.X\LCData.asm
                _140loop1   0x00126a    program     static C:\Users\Connal\Desktop\Robot\LCData.X\LCData.asm
                _140loop2   0x001258    program     static C:\Users\Connal\Desktop\Robot\LCData.X\LCData.asm
                _140loop3   0x001246    program     static C:\Users\Connal\Desktop\Robot\LCData.X\LCData.asm
                _141loop_   0x001298    program     static C:\Users\Connal\Desktop\Robot\LCData.X\LCData.asm
                _142loop_   0x0012b4    program     static C:\Users\Connal\Desktop\Robot\LCData.X\LCData.asm
                _143loop_   0x0012ce    program     static C:\Users\Connal\Desktop\Robot\LCData.X\LCData.asm
                _144loop_   0x0012f6    program     static C:\Users\Connal\Desktop\Robot\LCData.X\LCData.asm
                _145loop_   0x001316    program     static C:\Users\Connal\Desktop\Robot\LCData.X\LCData.asm
               _146wempty   0x00136c    program     static C:\Users\Connal\Desktop\Robot\LCData.X\LCData.asm
                 _146wend   0x001386    program     static C:\Users\Connal\Desktop\Robot\LCData.X\LCData.asm
                _146wfull   0x001330    program     static C:\Users\Connal\Desktop\Robot\LCData.X\LCData.asm
                _146whalf   0x00134e    program     static C:\Users\Connal\Desktop\Robot\LCData.X\LCData.asm
                _147loop_   0x001340    program     static C:\Users\Connal\Desktop\Robot\LCData.X\LCData.asm
                _148loop_   0x00135e    program     static C:\Users\Connal\Desktop\Robot\LCData.X\LCData.asm
                _149loop_   0x00137c    program     static C:\Users\Connal\Desktop\Robot\LCData.X\LCData.asm
                _150loop_   0x001396    program     static C:\Users\Connal\Desktop\Robot\LCData.X\LCData.asm
                  _151fin   0x0013e2    program     static C:\Users\Connal\Desktop\Robot\LCData.X\LCData.asm
                _151loop1   0x0013d0    program     static C:\Users\Connal\Desktop\Robot\LCData.X\LCData.asm
                _151loop2   0x0013be    program     static C:\Users\Connal\Desktop\Robot\LCData.X\LCData.asm
                _151loop3   0x0013ac    program     static C:\Users\Connal\Desktop\Robot\LCData.X\LCData.asm
                _152loop_   0x0013fe    program     static C:\Users\Connal\Desktop\Robot\LCData.X\LCData.asm
                _153loop_   0x00141a    program     static C:\Users\Connal\Desktop\Robot\LCData.X\LCData.asm
                _154loop_   0x001434    program     static C:\Users\Connal\Desktop\Robot\LCData.X\LCData.asm
                _155loop_   0x00145c    program     static C:\Users\Connal\Desktop\Robot\LCData.X\LCData.asm
                _156loop_   0x00147c    program     static C:\Users\Connal\Desktop\Robot\LCData.X\LCData.asm
               _157wempty   0x0014d2    program     static C:\Users\Connal\Desktop\Robot\LCData.X\LCData.asm
                 _157wend   0x0014ec    program     static C:\Users\Connal\Desktop\Robot\LCData.X\LCData.asm
                _157wfull   0x001496    program     static C:\Users\Connal\Desktop\Robot\LCData.X\LCData.asm
                _157whalf   0x0014b4    program     static C:\Users\Connal\Desktop\Robot\LCData.X\LCData.asm
                _158loop_   0x0014a6    program     static C:\Users\Connal\Desktop\Robot\LCData.X\LCData.asm
                _159loop_   0x0014c4    program     static C:\Users\Connal\Desktop\Robot\LCData.X\LCData.asm
                 _15back1   0x0001ea    program     static C:\Users\Connal\Desktop\Robot\LCData.X\LCData.asm
                _160loop_   0x0014e2    program     static C:\Users\Connal\Desktop\Robot\LCData.X\LCData.asm
                _161loop_   0x0014fc    program     static C:\Users\Connal\Desktop\Robot\LCData.X\LCData.asm
                  _162fin   0x001548    program     static C:\Users\Connal\Desktop\Robot\LCData.X\LCData.asm
                _162loop1   0x001536    program     static C:\Users\Connal\Desktop\Robot\LCData.X\LCData.asm
                _162loop2   0x001524    program     static C:\Users\Connal\Desktop\Robot\LCData.X\LCData.asm
                _162loop3   0x001512    program     static C:\Users\Connal\Desktop\Robot\LCData.X\LCData.asm
                _163loop_   0x001564    program     static C:\Users\Connal\Desktop\Robot\LCData.X\LCData.asm
                _164loop_   0x001580    program     static C:\Users\Connal\Desktop\Robot\LCData.X\LCData.asm
                _165loop_   0x00159a    program     static C:\Users\Connal\Desktop\Robot\LCData.X\LCData.asm
                _166loop_   0x0015c2    program     static C:\Users\Connal\Desktop\Robot\LCData.X\LCData.asm
                _167loop_   0x0015e2    program     static C:\Users\Connal\Desktop\Robot\LCData.X\LCData.asm
               _168wempty   0x001638    program     static C:\Users\Connal\Desktop\Robot\LCData.X\LCData.asm
                 _168wend   0x001652    program     static C:\Users\Connal\Desktop\Robot\LCData.X\LCData.asm
                _168wfull   0x0015fc    program     static C:\Users\Connal\Desktop\Robot\LCData.X\LCData.asm
                _168whalf   0x00161a    program     static C:\Users\Connal\Desktop\Robot\LCData.X\LCData.asm
                _169loop_   0x00160c    program     static C:\Users\Connal\Desktop\Robot\LCData.X\LCData.asm
                _170loop_   0x00162a    program     static C:\Users\Connal\Desktop\Robot\LCData.X\LCData.asm
                _171loop_   0x001648    program     static C:\Users\Connal\Desktop\Robot\LCData.X\LCData.asm
                _172loop_   0x001662    program     static C:\Users\Connal\Desktop\Robot\LCData.X\LCData.asm
                  _173fin   0x0016ae    program     static C:\Users\Connal\Desktop\Robot\LCData.X\LCData.asm
                _173loop1   0x00169c    program     static C:\Users\Connal\Desktop\Robot\LCData.X\LCData.asm
                _173loop2   0x00168a    program     static C:\Users\Connal\Desktop\Robot\LCData.X\LCData.asm
                _173loop3   0x001678    program     static C:\Users\Connal\Desktop\Robot\LCData.X\LCData.asm
                _174loop_   0x0016ca    program     static C:\Users\Connal\Desktop\Robot\LCData.X\LCData.asm
                _175loop_   0x0016e6    program     static C:\Users\Connal\Desktop\Robot\LCData.X\LCData.asm
                _176loop_   0x001700    program     static C:\Users\Connal\Desktop\Robot\LCData.X\LCData.asm
                _177loop_   0x001726    program     static C:\Users\Connal\Desktop\Robot\LCData.X\LCData.asm
                 _17back1   0x000200    program     static C:\Users\Connal\Desktop\Robot\LCData.X\LCData.asm
                  _180fin   0x0017b8    program     static C:\Users\Connal\Desktop\Robot\LCData.X\LCData.asm
                _180loop1   0x0017a6    program     static C:\Users\Connal\Desktop\Robot\LCData.X\LCData.asm
                _180loop2   0x001794    program     static C:\Users\Connal\Desktop\Robot\LCData.X\LCData.asm
                _180loop3   0x001782    program     static C:\Users\Connal\Desktop\Robot\LCData.X\LCData.asm
                  _182fin   0x001818    program     static C:\Users\Connal\Desktop\Robot\LCData.X\LCData.asm
                _182loop1   0x001806    program     static C:\Users\Connal\Desktop\Robot\LCData.X\LCData.asm
                _182loop2   0x0017f4    program     static C:\Users\Connal\Desktop\Robot\LCData.X\LCData.asm
                _182loop3   0x0017e2    program     static C:\Users\Connal\Desktop\Robot\LCData.X\LCData.asm
                _187loop_   0x0018c2    program     static C:\Users\Connal\Desktop\Robot\LCData.X\LCData.asm
                 _18back1   0x00020c    program     static C:\Users\Connal\Desktop\Robot\LCData.X\LCData.asm
                _199loop_   0x001af8    program     static C:\Users\Connal\Desktop\Robot\LCData.X\LCData.asm
                 _19back1   0x000218    program     static C:\Users\Connal\Desktop\Robot\LCData.X\LCData.asm
                  _1back1   0x00015c    program     static C:\Users\Connal\Desktop\Robot\LCData.X\LCData.asm
                  _200fin   0x001b82    program     static C:\Users\Connal\Desktop\Robot\LCData.X\LCData.asm
                _200loop1   0x001b70    program     static C:\Users\Connal\Desktop\Robot\LCData.X\LCData.asm
                _200loop2   0x001b5e    program     static C:\Users\Connal\Desktop\Robot\LCData.X\LCData.asm
                _200loop3   0x001b4c    program     static C:\Users\Connal\Desktop\Robot\LCData.X\LCData.asm
                 _21back1   0x00022a    program     static C:\Users\Connal\Desktop\Robot\LCData.X\LCData.asm
                 _23back1   0x00023c    program     static C:\Users\Connal\Desktop\Robot\LCData.X\LCData.asm
                 _25back1   0x000252    program     static C:\Users\Connal\Desktop\Robot\LCData.X\LCData.asm
                 _26back1   0x00025e    program     static C:\Users\Connal\Desktop\Robot\LCData.X\LCData.asm
                 _27back1   0x00026a    program     static C:\Users\Connal\Desktop\Robot\LCData.X\LCData.asm
                 _29back1   0x00027c    program     static C:\Users\Connal\Desktop\Robot\LCData.X\LCData.asm
                  _2back1   0x000168    program     static C:\Users\Connal\Desktop\Robot\LCData.X\LCData.asm
                 _31back1   0x00028c    program     static C:\Users\Connal\Desktop\Robot\LCData.X\LCData.asm
                 _32back1   0x000298    program     static C:\Users\Connal\Desktop\Robot\LCData.X\LCData.asm
                 _34back1   0x0002a8    program     static C:\Users\Connal\Desktop\Robot\LCData.X\LCData.asm
                 _35back1   0x0002b8    program     static C:\Users\Connal\Desktop\Robot\LCData.X\LCData.asm
                 _36back1   0x0002c6    program     static C:\Users\Connal\Desktop\Robot\LCData.X\LCData.asm
                 _37back1   0x0002d2    program     static C:\Users\Connal\Desktop\Robot\LCData.X\LCData.asm
                 _39back1   0x0002e4    program     static C:\Users\Connal\Desktop\Robot\LCData.X\LCData.asm
                  _3back1   0x000174    program     static C:\Users\Connal\Desktop\Robot\LCData.X\LCData.asm
                 _41back1   0x0002f4    program     static C:\Users\Connal\Desktop\Robot\LCData.X\LCData.asm
                 _42back1   0x000300    program     static C:\Users\Connal\Desktop\Robot\LCData.X\LCData.asm
                 _44back1   0x000310    program     static C:\Users\Connal\Desktop\Robot\LCData.X\LCData.asm
                 _45back1   0x000320    program     static C:\Users\Connal\Desktop\Robot\LCData.X\LCData.asm
                 _46back1   0x00032e    program     static C:\Users\Connal\Desktop\Robot\LCData.X\LCData.asm
                 _47back1   0x00033a    program     static C:\Users\Connal\Desktop\Robot\LCData.X\LCData.asm
                 _49back1   0x00034c    program     static C:\Users\Connal\Desktop\Robot\LCData.X\LCData.asm
                 _51back1   0x00035c    program     static C:\Users\Connal\Desktop\Robot\LCData.X\LCData.asm
                 _52back1   0x000368    program     static C:\Users\Connal\Desktop\Robot\LCData.X\LCData.asm
                 _54back1   0x000378    program     static C:\Users\Connal\Desktop\Robot\LCData.X\LCData.asm
                 _55back1   0x000388    program     static C:\Users\Connal\Desktop\Robot\LCData.X\LCData.asm
                 _56back1   0x000398    program     static C:\Users\Connal\Desktop\Robot\LCData.X\LCData.asm
                 _57back1   0x0003b8    program     static C:\Users\Connal\Desktop\Robot\LCData.X\LCData.asm
                 _58back1   0x0003c4    program     static C:\Users\Connal\Desktop\Robot\LCData.X\LCData.asm
                  _5back1   0x000186    program     static C:\Users\Connal\Desktop\Robot\LCData.X\LCData.asm
                 _60back1   0x0003d4    program     static C:\Users\Connal\Desktop\Robot\LCData.X\LCData.asm
                 _61back1   0x0003e4    program     static C:\Users\Connal\Desktop\Robot\LCData.X\LCData.asm
                 _62back1   0x0003ee    program     static C:\Users\Connal\Desktop\Robot\LCData.X\LCData.asm
                   _63fin   0x00053a    program     static C:\Users\Connal\Desktop\Robot\LCData.X\LCData.asm
                 _63loop1   0x000528    program     static C:\Users\Connal\Desktop\Robot\LCData.X\LCData.asm
                 _63loop2   0x000516    program     static C:\Users\Connal\Desktop\Robot\LCData.X\LCData.asm
                 _63loop3   0x000504    program     static C:\Users\Connal\Desktop\Robot\LCData.X\LCData.asm
                   _64fin   0x0005bc    program     static C:\Users\Connal\Desktop\Robot\LCData.X\LCData.asm
                 _64loop1   0x0005aa    program     static C:\Users\Connal\Desktop\Robot\LCData.X\LCData.asm
                 _64loop2   0x000598    program     static C:\Users\Connal\Desktop\Robot\LCData.X\LCData.asm
                 _64loop3   0x000586    program     static C:\Users\Connal\Desktop\Robot\LCData.X\LCData.asm
                   _66fin   0x00062e    program     static C:\Users\Connal\Desktop\Robot\LCData.X\LCData.asm
                 _66loop1   0x00061c    program     static C:\Users\Connal\Desktop\Robot\LCData.X\LCData.asm
                 _66loop2   0x00060a    program     static C:\Users\Connal\Desktop\Robot\LCData.X\LCData.asm
                 _66loop3   0x0005f8    program     static C:\Users\Connal\Desktop\Robot\LCData.X\LCData.asm
                   _68fin   0x00068e    program     static C:\Users\Connal\Desktop\Robot\LCData.X\LCData.asm
                 _68loop1   0x00067c    program     static C:\Users\Connal\Desktop\Robot\LCData.X\LCData.asm
                 _68loop2   0x00066a    program     static C:\Users\Connal\Desktop\Robot\LCData.X\LCData.asm
                 _68loop3   0x000658    program     static C:\Users\Connal\Desktop\Robot\LCData.X\LCData.asm
                 _69loop_   0x0006fc    program     static C:\Users\Connal\Desktop\Robot\LCData.X\LCData.asm
                 _70loop_   0x0007c6    program     static C:\Users\Connal\Desktop\Robot\LCData.X\LCData.asm
                   _71fin   0x000812    program     static C:\Users\Connal\Desktop\Robot\LCData.X\LCData.asm
                 _71loop1   0x000800    program     static C:\Users\Connal\Desktop\Robot\LCData.X\LCData.asm
                 _71loop2   0x0007ee    program     static C:\Users\Connal\Desktop\Robot\LCData.X\LCData.asm
                 _71loop3   0x0007dc    program     static C:\Users\Connal\Desktop\Robot\LCData.X\LCData.asm
                 _72loop_   0x000826    program     static C:\Users\Connal\Desktop\Robot\LCData.X\LCData.asm
                   _73fin   0x000872    program     static C:\Users\Connal\Desktop\Robot\LCData.X\LCData.asm
                 _73loop1   0x000860    program     static C:\Users\Connal\Desktop\Robot\LCData.X\LCData.asm
                 _73loop2   0x00084e    program     static C:\Users\Connal\Desktop\Robot\LCData.X\LCData.asm
                 _73loop3   0x00083c    program     static C:\Users\Connal\Desktop\Robot\LCData.X\LCData.asm
                 _74loop_   0x0008ac    program     static C:\Users\Connal\Desktop\Robot\LCData.X\LCData.asm
                  _7back1   0x000198    program     static C:\Users\Connal\Desktop\Robot\LCData.X\LCData.asm
                   _89fin   0x000b2c    program     static C:\Users\Connal\Desktop\Robot\LCData.X\LCData.asm
                 _89loop1   0x000b1a    program     static C:\Users\Connal\Desktop\Robot\LCData.X\LCData.asm
                 _89loop2   0x000b08    program     static C:\Users\Connal\Desktop\Robot\LCData.X\LCData.asm
                 _89loop3   0x000af6    program     static C:\Users\Connal\Desktop\Robot\LCData.X\LCData.asm
                 _90loop_   0x000b48    program     static C:\Users\Connal\Desktop\Robot\LCData.X\LCData.asm
                   _91fin   0x000b94    program     static C:\Users\Connal\Desktop\Robot\LCData.X\LCData.asm
                 _91loop1   0x000b82    program     static C:\Users\Connal\Desktop\Robot\LCData.X\LCData.asm
                 _91loop2   0x000b70    program     static C:\Users\Connal\Desktop\Robot\LCData.X\LCData.asm
                 _91loop3   0x000b5e    program     static C:\Users\Connal\Desktop\Robot\LCData.X\LCData.asm
                 _92loop_   0x000ba8    program     static C:\Users\Connal\Desktop\Robot\LCData.X\LCData.asm
                   _93fin   0x000bf4    program     static C:\Users\Connal\Desktop\Robot\LCData.X\LCData.asm
                 _93loop1   0x000be2    program     static C:\Users\Connal\Desktop\Robot\LCData.X\LCData.asm
                 _93loop2   0x000bd0    program     static C:\Users\Connal\Desktop\Robot\LCData.X\LCData.asm
                 _93loop3   0x000bbe    program     static C:\Users\Connal\Desktop\Robot\LCData.X\LCData.asm
                 _94loop_   0x000c08    program     static C:\Users\Connal\Desktop\Robot\LCData.X\LCData.asm
                   _95fin   0x000c54    program     static C:\Users\Connal\Desktop\Robot\LCData.X\LCData.asm
                 _95loop1   0x000c42    program     static C:\Users\Connal\Desktop\Robot\LCData.X\LCData.asm
                 _95loop2   0x000c30    program     static C:\Users\Connal\Desktop\Robot\LCData.X\LCData.asm
                 _95loop3   0x000c1e    program     static C:\Users\Connal\Desktop\Robot\LCData.X\LCData.asm
                 _96loop_   0x000c68    program     static C:\Users\Connal\Desktop\Robot\LCData.X\LCData.asm
                   _97fin   0x000cb4    program     static C:\Users\Connal\Desktop\Robot\LCData.X\LCData.asm
                 _97loop1   0x000ca2    program     static C:\Users\Connal\Desktop\Robot\LCData.X\LCData.asm
                 _97loop2   0x000c90    program     static C:\Users\Connal\Desktop\Robot\LCData.X\LCData.asm
                 _97loop3   0x000c7e    program     static C:\Users\Connal\Desktop\Robot\LCData.X\LCData.asm
                 _98loop_   0x000cde    program     static C:\Users\Connal\Desktop\Robot\LCData.X\LCData.asm
                   _99fin   0x000d2a    program     static C:\Users\Connal\Desktop\Robot\LCData.X\LCData.asm
                 _99loop1   0x000d18    program     static C:\Users\Connal\Desktop\Robot\LCData.X\LCData.asm
                 _99loop2   0x000d06    program     static C:\Users\Connal\Desktop\Robot\LCData.X\LCData.asm
                 _99loop3   0x000cf4    program     static C:\Users\Connal\Desktop\Robot\LCData.X\LCData.asm
                  _9back1   0x0001ae    program     static C:\Users\Connal\Desktop\Robot\LCData.X\LCData.asm
                     addB   0x0008f2    program     static C:\Users\Connal\Desktop\Robot\LCData.X\LCData.asm
                   aendUS   0x001b3a    program     static C:\Users\Connal\Desktop\Robot\LCData.X\LCData.asm
                  aloopUS   0x001b02    program     static C:\Users\Connal\Desktop\Robot\LCData.X\LCData.asm
                   apause   0x001b0e    program     static C:\Users\Connal\Desktop\Robot\LCData.X\LCData.asm
                    armUS   0x001ae2    program     static C:\Users\Connal\Desktop\Robot\LCData.X\LCData.asm
                arm_drive   0x000472    program     static C:\Users\Connal\Desktop\Robot\LCData.X\LCData.asm
                 armwait1   0x000478    program     static C:\Users\Connal\Desktop\Robot\LCData.X\LCData.asm
                 armwait2   0x0004a2    program     static C:\Users\Connal\Desktop\Robot\LCData.X\LCData.asm
                      aw1   0x001b16    program     static C:\Users\Connal\Desktop\Robot\LCData.X\LCData.asm
                      aw2   0x001b20    program     static C:\Users\Connal\Desktop\Robot\LCData.X\LCData.asm
          barrel_detected   0x0008cc    program     static C:\Users\Connal\Desktop\Robot\LCData.X\LCData.asm
              check_sense   0x001cd0    program     static C:\Users\Connal\Desktop\Robot\LCData.X\LCData.asm
             count_module   0x0019c4    program     static C:\Users\Connal\Desktop\Robot\LCData.X\LCData.asm
                    cwait   0x0019cc    program     static C:\Users\Connal\Desktop\Robot\LCData.X\LCData.asm
                       d1   0x000482    program     static C:\Users\Connal\Desktop\Robot\LCData.X\LCData.asm
                       d2   0x0004ac    program     static C:\Users\Connal\Desktop\Robot\LCData.X\LCData.asm
                driveabit   0x000488    program     static C:\Users\Connal\Desktop\Robot\LCData.X\LCData.asm
                    dwait   0x000cc4    program     static C:\Users\Connal\Desktop\Robot\LCData.X\LCData.asm
                   dwait2   0x000d3e    program     static C:\Users\Connal\Desktop\Robot\LCData.X\LCData.asm
                  encTest   0x0007a2    program     static C:\Users\Connal\Desktop\Robot\LCData.X\LCData.asm
                   encend   0x001cfa    program     static C:\Users\Connal\Desktop\Robot\LCData.X\LCData.asm
                 encextra   0x001cfc    program     static C:\Users\Connal\Desktop\Robot\LCData.X\LCData.asm
                enchandle   0x001cdc    program     static C:\Users\Connal\Desktop\Robot\LCData.X\LCData.asm
                    endUS   0x001bee    program     static C:\Users\Connal\Desktop\Robot\LCData.X\LCData.asm
                   endUS1   0x001c58    program     static C:\Users\Connal\Desktop\Robot\LCData.X\LCData.asm
                   endUS2   0x001cac    program     static C:\Users\Connal\Desktop\Robot\LCData.X\LCData.asm
                   etloop   0x0007ae    program     static C:\Users\Connal\Desktop\Robot\LCData.X\LCData.asm
               fgetoptime   0x0018ae    program     static C:\Users\Connal\Desktop\Robot\LCData.X\LCData.asm
                  find_CB   0x00092c    program     static C:\Users\Connal\Desktop\Robot\LCData.X\LCData.asm
                   finish   0x000ade    program     static C:\Users\Connal\Desktop\Robot\LCData.X\LCData.asm
                  finish2   0x000cca    program     static C:\Users\Connal\Desktop\Robot\LCData.X\LCData.asm
                  finish3   0x000d44    program     static C:\Users\Connal\Desktop\Robot\LCData.X\LCData.asm
                   fshort   0x000148    program     static C:\Users\Connal\Desktop\Robot\LCData.X\LCData.asm
                    ftall   0x000142    program     static C:\Users\Connal\Desktop\Robot\LCData.X\LCData.asm
                   gSteer   0x0004e0    program     static C:\Users\Connal\Desktop\Robot\LCData.X\LCData.asm
                  gWR_END   0x0001ac    program     static C:\Users\Connal\Desktop\Robot\LCData.X\LCData.asm
                  gWR_ERR   0x0001aa    program     static C:\Users\Connal\Desktop\Robot\LCData.X\LCData.asm
                gsteerend   0x000562    program     static C:\Users\Connal\Desktop\Robot\LCData.X\LCData.asm
               gsteerloop   0x0004ec    program     static C:\Users\Connal\Desktop\Robot\LCData.X\LCData.asm
                gyroinitt   0x0006ec    program     static C:\Users\Connal\Desktop\Robot\LCData.X\LCData.asm
                 gyroloop   0x000724    program     static C:\Users\Connal\Desktop\Robot\LCData.X\LCData.asm
         i2c_common_setup   0x00014e    program     static C:\Users\Connal\Desktop\Robot\LCData.X\LCData.asm
                  keywait   0x0008e0    program     static C:\Users\Connal\Desktop\Robot\LCData.X\LCData.asm
                    kloop   0x0008e4    program     static C:\Users\Connal\Desktop\Robot\LCData.X\LCData.asm
                   kloop2   0x0008ea    program     static C:\Users\Connal\Desktop\Robot\LCData.X\LCData.asm
                      l10   0x0019be    program     static C:\Users\Connal\Desktop\Robot\LCData.X\LCData.asm
                       l8   0x0019b0    program     static C:\Users\Connal\Desktop\Robot\LCData.X\LCData.asm
                       l9   0x0019b6    program     static C:\Users\Connal\Desktop\Robot\LCData.X\LCData.asm
             lcdLongDelay   0x001e70    program     static C:\Users\Connal\Desktop\Robot\LCData.X\lcd.asm
             lcdLongDelay   0x001d2e    program     static C:\Users\Connal\Desktop\Robot\LCData.X\LCData.asm
                  lhandle   0x001d04    program     static C:\Users\Connal\Desktop\Robot\LCData.X\LCData.asm
                   loopUS   0x001bb0    program     static C:\Users\Connal\Desktop\Robot\LCData.X\LCData.asm
                  loopUS1   0x001c1a    program     static C:\Users\Connal\Desktop\Robot\LCData.X\LCData.asm
                  loopUS2   0x001c6e    program     static C:\Users\Connal\Desktop\Robot\LCData.X\LCData.asm
                  mWR_END   0x0001fe    program     static C:\Users\Connal\Desktop\Robot\LCData.X\LCData.asm
                  mWR_ERR   0x0001fc    program     static C:\Users\Connal\Desktop\Robot\LCData.X\LCData.asm
                     main   0x000884    program     static C:\Users\Connal\Desktop\Robot\LCData.X\LCData.asm
                 mainloop   0x0008c2    program     static C:\Users\Connal\Desktop\Robot\LCData.X\LCData.asm
                 mainwait   0x00046e    program     static C:\Users\Connal\Desktop\Robot\LCData.X\LCData.asm
                   mginit   0x000754    program     static C:\Users\Connal\Desktop\Robot\LCData.X\LCData.asm
                   mgloop   0x00077a    program     static C:\Users\Connal\Desktop\Robot\LCData.X\LCData.asm
                   mgtest   0x000776    program     static C:\Users\Connal\Desktop\Robot\LCData.X\LCData.asm
                    pause   0x001bc0    program     static C:\Users\Connal\Desktop\Robot\LCData.X\LCData.asm
                   pause1   0x001c2a    program     static C:\Users\Connal\Desktop\Robot\LCData.X\LCData.asm
                   pause2   0x001c7e    program     static C:\Users\Connal\Desktop\Robot\LCData.X\LCData.asm
                  pwmwait   0x001a16    program     static C:\Users\Connal\Desktop\Robot\LCData.X\LCData.asm
                read_gyro   0x00025c    program     static C:\Users\Connal\Desktop\Robot\LCData.X\LCData.asm
                  read_mg   0x0002c4    program     static C:\Users\Connal\Desktop\Robot\LCData.X\LCData.asm
                 read_rtc   0x00032c    program     static C:\Users\Connal\Desktop\Robot\LCData.X\LCData.asm
                  rhandle   0x001cea    program     static C:\Users\Connal\Desktop\Robot\LCData.X\LCData.asm
              rtc_convert   0x0003a2    program     static C:\Users\Connal\Desktop\Robot\LCData.X\LCData.asm
                      sb1   0x000956    program     static C:\Users\Connal\Desktop\Robot\LCData.X\LCData.asm
                      sb2   0x00098e    program     static C:\Users\Connal\Desktop\Robot\LCData.X\LCData.asm
                      sb3   0x0009c6    program     static C:\Users\Connal\Desktop\Robot\LCData.X\LCData.asm
                      sb4   0x0009fe    program     static C:\Users\Connal\Desktop\Robot\LCData.X\LCData.asm
                      sb5   0x000a36    program     static C:\Users\Connal\Desktop\Robot\LCData.X\LCData.asm
                      sb6   0x000a6e    program     static C:\Users\Connal\Desktop\Robot\LCData.X\LCData.asm
                      sb7   0x000aa6    program     static C:\Users\Connal\Desktop\Robot\LCData.X\LCData.asm
                   sdelay   0x001d0e    program     static C:\Users\Connal\Desktop\Robot\LCData.X\LCData.asm
                  seconds   0x00012e    program     static C:\Users\Connal\Desktop\Robot\LCData.X\LCData.asm
                senseloop   0x001cd4    program     static C:\Users\Connal\Desktop\Robot\LCData.X\LCData.asm
                   setPWM   0x001a62    program     static C:\Users\Connal\Desktop\Robot\LCData.X\LCData.asm
             set_rtc_time   0x00190e    program     static C:\Users\Connal\Desktop\Robot\LCData.X\LCData.asm
                  setints   0x001738    program     static C:\Users\Connal\Desktop\Robot\LCData.X\LCData.asm
                    shend   0x001712    program     static C:\Users\Connal\Desktop\Robot\LCData.X\LCData.asm
              shortHandle   0x000912    program     static C:\Users\Connal\Desktop\Robot\LCData.X\LCData.asm
                  show_MG   0x00175e    program     static C:\Users\Connal\Desktop\Robot\LCData.X\LCData.asm
                 show_RTC   0x00181e    program     static C:\Users\Connal\Desktop\Robot\LCData.X\LCData.asm
                show_gyro   0x001750    program     static C:\Users\Connal\Desktop\Robot\LCData.X\LCData.asm
                    sloop   0x001d12    program     static C:\Users\Connal\Desktop\Robot\LCData.X\LCData.asm
             steer_module   0x0005dc    program     static C:\Users\Connal\Desktop\Robot\LCData.X\LCData.asm
                 steerend   0x0006e0    program     static C:\Users\Connal\Desktop\Robot\LCData.X\LCData.asm
                steerloop   0x00063a    program     static C:\Users\Connal\Desktop\Robot\LCData.X\LCData.asm
                   stleft   0x0006b0    program     static C:\Users\Connal\Desktop\Robot\LCData.X\LCData.asm
                 straight   0x0005ce    program     static C:\Users\Connal\Desktop\Robot\LCData.X\LCData.asm
               straitwait   0x0005d8    program     static C:\Users\Connal\Desktop\Robot\LCData.X\LCData.asm
                  stright   0x0006ca    program     static C:\Users\Connal\Desktop\Robot\LCData.X\LCData.asm
               tallHandle   0x0008f8    program     static C:\Users\Connal\Desktop\Robot\LCData.X\LCData.asm
                   tdelay   0x001e34    program     static C:\Users\Connal\Desktop\Robot\LCData.X\lcd.asm
                   tdelay   0x001d1e    program     static C:\Users\Connal\Desktop\Robot\LCData.X\LCData.asm
                test50100   0x001a1a    program     static C:\Users\Connal\Desktop\Robot\LCData.X\LCData.asm
                    tloop   0x001e38    program     static C:\Users\Connal\Desktop\Robot\LCData.X\lcd.asm
                    tloop   0x001d22    program     static C:\Users\Connal\Desktop\Robot\LCData.X\LCData.asm
                     us0c   0x001b98    program     static C:\Users\Connal\Desktop\Robot\LCData.X\LCData.asm
                     us1c   0x001c04    program     static C:\Users\Connal\Desktop\Robot\LCData.X\LCData.asm
                     us2c   0x001c6e    program     static C:\Users\Connal\Desktop\Robot\LCData.X\LCData.asm
                      uss   0x001c66    program     static C:\Users\Connal\Desktop\Robot\LCData.X\LCData.asm
                       w1   0x001bc8    program     static C:\Users\Connal\Desktop\Robot\LCData.X\LCData.asm
                      w11   0x001c32    program     static C:\Users\Connal\Desktop\Robot\LCData.X\LCData.asm
                      w12   0x001c86    program     static C:\Users\Connal\Desktop\Robot\LCData.X\LCData.asm
                       w2   0x001bd2    program     static C:\Users\Connal\Desktop\Robot\LCData.X\LCData.asm
                      w21   0x001c3c    program     static C:\Users\Connal\Desktop\Robot\LCData.X\LCData.asm
                      w22   0x001c90    program     static C:\Users\Connal\Desktop\Robot\LCData.X\LCData.asm
                     wait   0x001ccc    program     static C:\Users\Connal\Desktop\Robot\LCData.X\LCData.asm
                    wdig1   0x000010    program     static C:\Users\Connal\Desktop\Robot\LCData.X\LCData.asm
                    wdig2   0x00002a    program     static C:\Users\Connal\Desktop\Robot\LCData.X\LCData.asm
                    wdig3   0x000044    program     static C:\Users\Connal\Desktop\Robot\LCData.X\LCData.asm
               write_gyro   0x000166    program     static C:\Users\Connal\Desktop\Robot\LCData.X\LCData.asm
                 write_mg   0x0001b8    program     static C:\Users\Connal\Desktop\Robot\LCData.X\LCData.asm
                write_rtc   0x00020a    program     static C:\Users\Connal\Desktop\Robot\LCData.X\LCData.asm
                   COUNTH   0x000080       data     static C:\Users\Connal\Desktop\Robot\LCData.X\LCData.asm
                   COUNTL   0x000082       data     static C:\Users\Connal\Desktop\Robot\LCData.X\LCData.asm
                   COUNTM   0x000081       data     static C:\Users\Connal\Desktop\Robot\LCData.X\LCData.asm
                      com   0x000088       data     static C:\Users\Connal\Desktop\Robot\LCData.X\lcd.asm
                      dat   0x000087       data     static C:\Users\Connal\Desktop\Robot\LCData.X\lcd.asm
                   lcd_d1   0x000084       data     static C:\Users\Connal\Desktop\Robot\LCData.X\lcd.asm
                   lcd_d2   0x000085       data     static C:\Users\Connal\Desktop\Robot\LCData.X\lcd.asm
                   lcd_td   0x000086       data     static C:\Users\Connal\Desktop\Robot\LCData.X\lcd.asm
                  lcd_tmp   0x000083       data     static C:\Users\Connal\Desktop\Robot\LCData.X\lcd.asm



                              Symbols - Sorted by Address
                     Name    Address   Location    Storage File                     
                ---------  ---------  ---------  --------- ---------                
                    wdig1   0x000010    program     static C:\Users\Connal\Desktop\Robot\LCData.X\LCData.asm
                    wdig2   0x00002a    program     static C:\Users\Connal\Desktop\Robot\LCData.X\LCData.asm
                    wdig3   0x000044    program     static C:\Users\Connal\Desktop\Robot\LCData.X\LCData.asm
                    Ready   0x00005e    program     static C:\Users\Connal\Desktop\Robot\LCData.X\LCData.asm
                 RightInt   0x000068    program     static C:\Users\Connal\Desktop\Robot\LCData.X\LCData.asm
                  LeftInt   0x00006e    program     static C:\Users\Connal\Desktop\Robot\LCData.X\LCData.asm
                  Running   0x000074    program     static C:\Users\Connal\Desktop\Robot\LCData.X\LCData.asm
                     Done   0x00007c    program     static C:\Users\Connal\Desktop\Robot\LCData.X\LCData.asm
                    Done2   0x000080    program     static C:\Users\Connal\Desktop\Robot\LCData.X\LCData.asm
                    Done3   0x000086    program     static C:\Users\Connal\Desktop\Robot\LCData.X\LCData.asm
                    Done4   0x0000a6    program     static C:\Users\Connal\Desktop\Robot\LCData.X\LCData.asm
                    Done5   0x0000ac    program     static C:\Users\Connal\Desktop\Robot\LCData.X\LCData.asm
                    Done6   0x0000b0    program     static C:\Users\Connal\Desktop\Robot\LCData.X\LCData.asm
                   Barrel   0x0000b6    program     static C:\Users\Connal\Desktop\Robot\LCData.X\LCData.asm
                    Fulls   0x0000ba    program     static C:\Users\Connal\Desktop\Robot\LCData.X\LCData.asm
                 Location   0x0000c2    program     static C:\Users\Connal\Desktop\Robot\LCData.X\LCData.asm
                 OperTime   0x0000e4    program     static C:\Users\Connal\Desktop\Robot\LCData.X\LCData.asm
                    Halfs   0x00010e    program     static C:\Users\Connal\Desktop\Robot\LCData.X\LCData.asm
                   Emptys   0x000116    program     static C:\Users\Connal\Desktop\Robot\LCData.X\LCData.asm
                      Nob   0x00011e    program     static C:\Users\Connal\Desktop\Robot\LCData.X\LCData.asm
                  seconds   0x00012e    program     static C:\Users\Connal\Desktop\Robot\LCData.X\LCData.asm
                      Hob   0x000136    program     static C:\Users\Connal\Desktop\Robot\LCData.X\LCData.asm
                    ftall   0x000142    program     static C:\Users\Connal\Desktop\Robot\LCData.X\LCData.asm
                   fshort   0x000148    program     static C:\Users\Connal\Desktop\Robot\LCData.X\LCData.asm
         i2c_common_setup   0x00014e    program     static C:\Users\Connal\Desktop\Robot\LCData.X\LCData.asm
                  _1back1   0x00015c    program     static C:\Users\Connal\Desktop\Robot\LCData.X\LCData.asm
               write_gyro   0x000166    program     static C:\Users\Connal\Desktop\Robot\LCData.X\LCData.asm
                  _2back1   0x000168    program     static C:\Users\Connal\Desktop\Robot\LCData.X\LCData.asm
                  _3back1   0x000174    program     static C:\Users\Connal\Desktop\Robot\LCData.X\LCData.asm
                  _5back1   0x000186    program     static C:\Users\Connal\Desktop\Robot\LCData.X\LCData.asm
                  _7back1   0x000198    program     static C:\Users\Connal\Desktop\Robot\LCData.X\LCData.asm
                  gWR_ERR   0x0001aa    program     static C:\Users\Connal\Desktop\Robot\LCData.X\LCData.asm
                  gWR_END   0x0001ac    program     static C:\Users\Connal\Desktop\Robot\LCData.X\LCData.asm
                  _9back1   0x0001ae    program     static C:\Users\Connal\Desktop\Robot\LCData.X\LCData.asm
                 write_mg   0x0001b8    program     static C:\Users\Connal\Desktop\Robot\LCData.X\LCData.asm
                 _10back1   0x0001ba    program     static C:\Users\Connal\Desktop\Robot\LCData.X\LCData.asm
                 _11back1   0x0001c6    program     static C:\Users\Connal\Desktop\Robot\LCData.X\LCData.asm
                 _13back1   0x0001d8    program     static C:\Users\Connal\Desktop\Robot\LCData.X\LCData.asm
                 _15back1   0x0001ea    program     static C:\Users\Connal\Desktop\Robot\LCData.X\LCData.asm
                  mWR_ERR   0x0001fc    program     static C:\Users\Connal\Desktop\Robot\LCData.X\LCData.asm
                  mWR_END   0x0001fe    program     static C:\Users\Connal\Desktop\Robot\LCData.X\LCData.asm
                 _17back1   0x000200    program     static C:\Users\Connal\Desktop\Robot\LCData.X\LCData.asm
                write_rtc   0x00020a    program     static C:\Users\Connal\Desktop\Robot\LCData.X\LCData.asm
                 _18back1   0x00020c    program     static C:\Users\Connal\Desktop\Robot\LCData.X\LCData.asm
                 _19back1   0x000218    program     static C:\Users\Connal\Desktop\Robot\LCData.X\LCData.asm
                 _21back1   0x00022a    program     static C:\Users\Connal\Desktop\Robot\LCData.X\LCData.asm
                 _23back1   0x00023c    program     static C:\Users\Connal\Desktop\Robot\LCData.X\LCData.asm
                   WR_ERR   0x00024e    program     static C:\Users\Connal\Desktop\Robot\LCData.X\LCData.asm
                   WR_END   0x000250    program     static C:\Users\Connal\Desktop\Robot\LCData.X\LCData.asm
                 _25back1   0x000252    program     static C:\Users\Connal\Desktop\Robot\LCData.X\LCData.asm
                read_gyro   0x00025c    program     static C:\Users\Connal\Desktop\Robot\LCData.X\LCData.asm
                 _26back1   0x00025e    program     static C:\Users\Connal\Desktop\Robot\LCData.X\LCData.asm
                 _27back1   0x00026a    program     static C:\Users\Connal\Desktop\Robot\LCData.X\LCData.asm
                 _29back1   0x00027c    program     static C:\Users\Connal\Desktop\Robot\LCData.X\LCData.asm
                 _31back1   0x00028c    program     static C:\Users\Connal\Desktop\Robot\LCData.X\LCData.asm
                 _32back1   0x000298    program     static C:\Users\Connal\Desktop\Robot\LCData.X\LCData.asm
                 _34back1   0x0002a8    program     static C:\Users\Connal\Desktop\Robot\LCData.X\LCData.asm
                 _35back1   0x0002b8    program     static C:\Users\Connal\Desktop\Robot\LCData.X\LCData.asm
                  read_mg   0x0002c4    program     static C:\Users\Connal\Desktop\Robot\LCData.X\LCData.asm
                 _36back1   0x0002c6    program     static C:\Users\Connal\Desktop\Robot\LCData.X\LCData.asm
                 _37back1   0x0002d2    program     static C:\Users\Connal\Desktop\Robot\LCData.X\LCData.asm
                 _39back1   0x0002e4    program     static C:\Users\Connal\Desktop\Robot\LCData.X\LCData.asm
                 _41back1   0x0002f4    program     static C:\Users\Connal\Desktop\Robot\LCData.X\LCData.asm
                 _42back1   0x000300    program     static C:\Users\Connal\Desktop\Robot\LCData.X\LCData.asm
                 _44back1   0x000310    program     static C:\Users\Connal\Desktop\Robot\LCData.X\LCData.asm
                 _45back1   0x000320    program     static C:\Users\Connal\Desktop\Robot\LCData.X\LCData.asm
                 read_rtc   0x00032c    program     static C:\Users\Connal\Desktop\Robot\LCData.X\LCData.asm
                 _46back1   0x00032e    program     static C:\Users\Connal\Desktop\Robot\LCData.X\LCData.asm
                 _47back1   0x00033a    program     static C:\Users\Connal\Desktop\Robot\LCData.X\LCData.asm
                 _49back1   0x00034c    program     static C:\Users\Connal\Desktop\Robot\LCData.X\LCData.asm
                 _51back1   0x00035c    program     static C:\Users\Connal\Desktop\Robot\LCData.X\LCData.asm
                 _52back1   0x000368    program     static C:\Users\Connal\Desktop\Robot\LCData.X\LCData.asm
                 _54back1   0x000378    program     static C:\Users\Connal\Desktop\Robot\LCData.X\LCData.asm
                 _55back1   0x000388    program     static C:\Users\Connal\Desktop\Robot\LCData.X\LCData.asm
                   RD_ERR   0x000394    program     static C:\Users\Connal\Desktop\Robot\LCData.X\LCData.asm
                   RD_END   0x000396    program     static C:\Users\Connal\Desktop\Robot\LCData.X\LCData.asm
                 _56back1   0x000398    program     static C:\Users\Connal\Desktop\Robot\LCData.X\LCData.asm
              rtc_convert   0x0003a2    program     static C:\Users\Connal\Desktop\Robot\LCData.X\LCData.asm
                 _57back1   0x0003b8    program     static C:\Users\Connal\Desktop\Robot\LCData.X\LCData.asm
                 _58back1   0x0003c4    program     static C:\Users\Connal\Desktop\Robot\LCData.X\LCData.asm
                 _60back1   0x0003d4    program     static C:\Users\Connal\Desktop\Robot\LCData.X\LCData.asm
                 _61back1   0x0003e4    program     static C:\Users\Connal\Desktop\Robot\LCData.X\LCData.asm
                    R_END   0x0003ec    program     static C:\Users\Connal\Desktop\Robot\LCData.X\LCData.asm
                 _62back1   0x0003ee    program     static C:\Users\Connal\Desktop\Robot\LCData.X\LCData.asm
                 Gyroinit   0x0003f8    program     static C:\Users\Connal\Desktop\Robot\LCData.X\LCData.asm
                   MGinit   0x000408    program     static C:\Users\Connal\Desktop\Robot\LCData.X\LCData.asm
                  RTCinit   0x000418    program     static C:\Users\Connal\Desktop\Robot\LCData.X\LCData.asm
                     Init   0x00042c    program     static C:\Users\Connal\Desktop\Robot\LCData.X\LCData.asm
                 mainwait   0x00046e    program     static C:\Users\Connal\Desktop\Robot\LCData.X\LCData.asm
                arm_drive   0x000472    program     static C:\Users\Connal\Desktop\Robot\LCData.X\LCData.asm
                 armwait1   0x000478    program     static C:\Users\Connal\Desktop\Robot\LCData.X\LCData.asm
                       d1   0x000482    program     static C:\Users\Connal\Desktop\Robot\LCData.X\LCData.asm
                driveabit   0x000488    program     static C:\Users\Connal\Desktop\Robot\LCData.X\LCData.asm
                 armwait2   0x0004a2    program     static C:\Users\Connal\Desktop\Robot\LCData.X\LCData.asm
                       d2   0x0004ac    program     static C:\Users\Connal\Desktop\Robot\LCData.X\LCData.asm
                   Atestf   0x0004b4    program     static C:\Users\Connal\Desktop\Robot\LCData.X\LCData.asm
                   Atestb   0x0004ca    program     static C:\Users\Connal\Desktop\Robot\LCData.X\LCData.asm
                   gSteer   0x0004e0    program     static C:\Users\Connal\Desktop\Robot\LCData.X\LCData.asm
               gsteerloop   0x0004ec    program     static C:\Users\Connal\Desktop\Robot\LCData.X\LCData.asm
                 _63loop3   0x000504    program     static C:\Users\Connal\Desktop\Robot\LCData.X\LCData.asm
                 _63loop2   0x000516    program     static C:\Users\Connal\Desktop\Robot\LCData.X\LCData.asm
                 _63loop1   0x000528    program     static C:\Users\Connal\Desktop\Robot\LCData.X\LCData.asm
                   _63fin   0x00053a    program     static C:\Users\Connal\Desktop\Robot\LCData.X\LCData.asm
                   RightT   0x00054e    program     static C:\Users\Connal\Desktop\Robot\LCData.X\LCData.asm
                    LeftT   0x000556    program     static C:\Users\Connal\Desktop\Robot\LCData.X\LCData.asm
                gsteerend   0x000562    program     static C:\Users\Connal\Desktop\Robot\LCData.X\LCData.asm
                 _64loop3   0x000586    program     static C:\Users\Connal\Desktop\Robot\LCData.X\LCData.asm
                 _64loop2   0x000598    program     static C:\Users\Connal\Desktop\Robot\LCData.X\LCData.asm
                 _64loop1   0x0005aa    program     static C:\Users\Connal\Desktop\Robot\LCData.X\LCData.asm
                   _64fin   0x0005bc    program     static C:\Users\Connal\Desktop\Robot\LCData.X\LCData.asm
                 straight   0x0005ce    program     static C:\Users\Connal\Desktop\Robot\LCData.X\LCData.asm
               straitwait   0x0005d8    program     static C:\Users\Connal\Desktop\Robot\LCData.X\LCData.asm
             steer_module   0x0005dc    program     static C:\Users\Connal\Desktop\Robot\LCData.X\LCData.asm
                 _66loop3   0x0005f8    program     static C:\Users\Connal\Desktop\Robot\LCData.X\LCData.asm
                 _66loop2   0x00060a    program     static C:\Users\Connal\Desktop\Robot\LCData.X\LCData.asm
                 _66loop1   0x00061c    program     static C:\Users\Connal\Desktop\Robot\LCData.X\LCData.asm
                   _66fin   0x00062e    program     static C:\Users\Connal\Desktop\Robot\LCData.X\LCData.asm
                steerloop   0x00063a    program     static C:\Users\Connal\Desktop\Robot\LCData.X\LCData.asm
                 _68loop3   0x000658    program     static C:\Users\Connal\Desktop\Robot\LCData.X\LCData.asm
                 _68loop2   0x00066a    program     static C:\Users\Connal\Desktop\Robot\LCData.X\LCData.asm
                 _68loop1   0x00067c    program     static C:\Users\Connal\Desktop\Robot\LCData.X\LCData.asm
                   _68fin   0x00068e    program     static C:\Users\Connal\Desktop\Robot\LCData.X\LCData.asm
                   stleft   0x0006b0    program     static C:\Users\Connal\Desktop\Robot\LCData.X\LCData.asm
                  stright   0x0006ca    program     static C:\Users\Connal\Desktop\Robot\LCData.X\LCData.asm
                 steerend   0x0006e0    program     static C:\Users\Connal\Desktop\Robot\LCData.X\LCData.asm
                gyroinitt   0x0006ec    program     static C:\Users\Connal\Desktop\Robot\LCData.X\LCData.asm
                 _69loop_   0x0006fc    program     static C:\Users\Connal\Desktop\Robot\LCData.X\LCData.asm
                 gyroloop   0x000724    program     static C:\Users\Connal\Desktop\Robot\LCData.X\LCData.asm
                   mginit   0x000754    program     static C:\Users\Connal\Desktop\Robot\LCData.X\LCData.asm
                   mgtest   0x000776    program     static C:\Users\Connal\Desktop\Robot\LCData.X\LCData.asm
                   mgloop   0x00077a    program     static C:\Users\Connal\Desktop\Robot\LCData.X\LCData.asm
                  encTest   0x0007a2    program     static C:\Users\Connal\Desktop\Robot\LCData.X\LCData.asm
                   etloop   0x0007ae    program     static C:\Users\Connal\Desktop\Robot\LCData.X\LCData.asm
                 _70loop_   0x0007c6    program     static C:\Users\Connal\Desktop\Robot\LCData.X\LCData.asm
                 _71loop3   0x0007dc    program     static C:\Users\Connal\Desktop\Robot\LCData.X\LCData.asm
                 _71loop2   0x0007ee    program     static C:\Users\Connal\Desktop\Robot\LCData.X\LCData.asm
                 _71loop1   0x000800    program     static C:\Users\Connal\Desktop\Robot\LCData.X\LCData.asm
                   _71fin   0x000812    program     static C:\Users\Connal\Desktop\Robot\LCData.X\LCData.asm
                 _72loop_   0x000826    program     static C:\Users\Connal\Desktop\Robot\LCData.X\LCData.asm
                 _73loop3   0x00083c    program     static C:\Users\Connal\Desktop\Robot\LCData.X\LCData.asm
                 _73loop2   0x00084e    program     static C:\Users\Connal\Desktop\Robot\LCData.X\LCData.asm
                 _73loop1   0x000860    program     static C:\Users\Connal\Desktop\Robot\LCData.X\LCData.asm
                   _73fin   0x000872    program     static C:\Users\Connal\Desktop\Robot\LCData.X\LCData.asm
                     main   0x000884    program     static C:\Users\Connal\Desktop\Robot\LCData.X\LCData.asm
                 _74loop_   0x0008ac    program     static C:\Users\Connal\Desktop\Robot\LCData.X\LCData.asm
                 mainloop   0x0008c2    program     static C:\Users\Connal\Desktop\Robot\LCData.X\LCData.asm
          barrel_detected   0x0008cc    program     static C:\Users\Connal\Desktop\Robot\LCData.X\LCData.asm
                  keywait   0x0008e0    program     static C:\Users\Connal\Desktop\Robot\LCData.X\LCData.asm
                    kloop   0x0008e4    program     static C:\Users\Connal\Desktop\Robot\LCData.X\LCData.asm
                   kloop2   0x0008ea    program     static C:\Users\Connal\Desktop\Robot\LCData.X\LCData.asm
                     addB   0x0008f2    program     static C:\Users\Connal\Desktop\Robot\LCData.X\LCData.asm
               tallHandle   0x0008f8    program     static C:\Users\Connal\Desktop\Robot\LCData.X\LCData.asm
              shortHandle   0x000912    program     static C:\Users\Connal\Desktop\Robot\LCData.X\LCData.asm
                  find_CB   0x00092c    program     static C:\Users\Connal\Desktop\Robot\LCData.X\LCData.asm
                      sb1   0x000956    program     static C:\Users\Connal\Desktop\Robot\LCData.X\LCData.asm
                      sb2   0x00098e    program     static C:\Users\Connal\Desktop\Robot\LCData.X\LCData.asm
                      sb3   0x0009c6    program     static C:\Users\Connal\Desktop\Robot\LCData.X\LCData.asm
                      sb4   0x0009fe    program     static C:\Users\Connal\Desktop\Robot\LCData.X\LCData.asm
                      sb5   0x000a36    program     static C:\Users\Connal\Desktop\Robot\LCData.X\LCData.asm
                      sb6   0x000a6e    program     static C:\Users\Connal\Desktop\Robot\LCData.X\LCData.asm
                      sb7   0x000aa6    program     static C:\Users\Connal\Desktop\Robot\LCData.X\LCData.asm
                   finish   0x000ade    program     static C:\Users\Connal\Desktop\Robot\LCData.X\LCData.asm
                 _89loop3   0x000af6    program     static C:\Users\Connal\Desktop\Robot\LCData.X\LCData.asm
                 _89loop2   0x000b08    program     static C:\Users\Connal\Desktop\Robot\LCData.X\LCData.asm
                 _89loop1   0x000b1a    program     static C:\Users\Connal\Desktop\Robot\LCData.X\LCData.asm
                   _89fin   0x000b2c    program     static C:\Users\Connal\Desktop\Robot\LCData.X\LCData.asm
                 _90loop_   0x000b48    program     static C:\Users\Connal\Desktop\Robot\LCData.X\LCData.asm
                 _91loop3   0x000b5e    program     static C:\Users\Connal\Desktop\Robot\LCData.X\LCData.asm
                 _91loop2   0x000b70    program     static C:\Users\Connal\Desktop\Robot\LCData.X\LCData.asm
                 _91loop1   0x000b82    program     static C:\Users\Connal\Desktop\Robot\LCData.X\LCData.asm
                   _91fin   0x000b94    program     static C:\Users\Connal\Desktop\Robot\LCData.X\LCData.asm
                 _92loop_   0x000ba8    program     static C:\Users\Connal\Desktop\Robot\LCData.X\LCData.asm
                 _93loop3   0x000bbe    program     static C:\Users\Connal\Desktop\Robot\LCData.X\LCData.asm
                 _93loop2   0x000bd0    program     static C:\Users\Connal\Desktop\Robot\LCData.X\LCData.asm
                 _93loop1   0x000be2    program     static C:\Users\Connal\Desktop\Robot\LCData.X\LCData.asm
                   _93fin   0x000bf4    program     static C:\Users\Connal\Desktop\Robot\LCData.X\LCData.asm
                 _94loop_   0x000c08    program     static C:\Users\Connal\Desktop\Robot\LCData.X\LCData.asm
                 _95loop3   0x000c1e    program     static C:\Users\Connal\Desktop\Robot\LCData.X\LCData.asm
                 _95loop2   0x000c30    program     static C:\Users\Connal\Desktop\Robot\LCData.X\LCData.asm
                 _95loop1   0x000c42    program     static C:\Users\Connal\Desktop\Robot\LCData.X\LCData.asm
                   _95fin   0x000c54    program     static C:\Users\Connal\Desktop\Robot\LCData.X\LCData.asm
                 _96loop_   0x000c68    program     static C:\Users\Connal\Desktop\Robot\LCData.X\LCData.asm
                 _97loop3   0x000c7e    program     static C:\Users\Connal\Desktop\Robot\LCData.X\LCData.asm
                 _97loop2   0x000c90    program     static C:\Users\Connal\Desktop\Robot\LCData.X\LCData.asm
                 _97loop1   0x000ca2    program     static C:\Users\Connal\Desktop\Robot\LCData.X\LCData.asm
                   _97fin   0x000cb4    program     static C:\Users\Connal\Desktop\Robot\LCData.X\LCData.asm
                    dwait   0x000cc4    program     static C:\Users\Connal\Desktop\Robot\LCData.X\LCData.asm
                  finish2   0x000cca    program     static C:\Users\Connal\Desktop\Robot\LCData.X\LCData.asm
                 _98loop_   0x000cde    program     static C:\Users\Connal\Desktop\Robot\LCData.X\LCData.asm
                 _99loop3   0x000cf4    program     static C:\Users\Connal\Desktop\Robot\LCData.X\LCData.asm
                 _99loop2   0x000d06    program     static C:\Users\Connal\Desktop\Robot\LCData.X\LCData.asm
                 _99loop1   0x000d18    program     static C:\Users\Connal\Desktop\Robot\LCData.X\LCData.asm
                   _99fin   0x000d2a    program     static C:\Users\Connal\Desktop\Robot\LCData.X\LCData.asm
                   dwait2   0x000d3e    program     static C:\Users\Connal\Desktop\Robot\LCData.X\LCData.asm
                  finish3   0x000d44    program     static C:\Users\Connal\Desktop\Robot\LCData.X\LCData.asm
                _100loop_   0x000d5e    program     static C:\Users\Connal\Desktop\Robot\LCData.X\LCData.asm
                _101loop_   0x000d7e    program     static C:\Users\Connal\Desktop\Robot\LCData.X\LCData.asm
                _102wfull   0x000d98    program     static C:\Users\Connal\Desktop\Robot\LCData.X\LCData.asm
                _103loop_   0x000da8    program     static C:\Users\Connal\Desktop\Robot\LCData.X\LCData.asm
                _102whalf   0x000db6    program     static C:\Users\Connal\Desktop\Robot\LCData.X\LCData.asm
                _104loop_   0x000dc6    program     static C:\Users\Connal\Desktop\Robot\LCData.X\LCData.asm
               _102wempty   0x000dd4    program     static C:\Users\Connal\Desktop\Robot\LCData.X\LCData.asm
                _105loop_   0x000de4    program     static C:\Users\Connal\Desktop\Robot\LCData.X\LCData.asm
                 _102wend   0x000dee    program     static C:\Users\Connal\Desktop\Robot\LCData.X\LCData.asm
                _106loop_   0x000dfe    program     static C:\Users\Connal\Desktop\Robot\LCData.X\LCData.asm
                _107loop3   0x000e14    program     static C:\Users\Connal\Desktop\Robot\LCData.X\LCData.asm
                _107loop2   0x000e26    program     static C:\Users\Connal\Desktop\Robot\LCData.X\LCData.asm
                _107loop1   0x000e38    program     static C:\Users\Connal\Desktop\Robot\LCData.X\LCData.asm
                  _107fin   0x000e4a    program     static C:\Users\Connal\Desktop\Robot\LCData.X\LCData.asm
                _108loop_   0x000e66    program     static C:\Users\Connal\Desktop\Robot\LCData.X\LCData.asm
                _109loop_   0x000e82    program     static C:\Users\Connal\Desktop\Robot\LCData.X\LCData.asm
                _110loop_   0x000e9c    program     static C:\Users\Connal\Desktop\Robot\LCData.X\LCData.asm
                _111loop_   0x000ec4    program     static C:\Users\Connal\Desktop\Robot\LCData.X\LCData.asm
                _112loop_   0x000ee4    program     static C:\Users\Connal\Desktop\Robot\LCData.X\LCData.asm
                _113wfull   0x000efe    program     static C:\Users\Connal\Desktop\Robot\LCData.X\LCData.asm
                _114loop_   0x000f0e    program     static C:\Users\Connal\Desktop\Robot\LCData.X\LCData.asm
                _113whalf   0x000f1c    program     static C:\Users\Connal\Desktop\Robot\LCData.X\LCData.asm
                _115loop_   0x000f2c    program     static C:\Users\Connal\Desktop\Robot\LCData.X\LCData.asm
               _113wempty   0x000f3a    program     static C:\Users\Connal\Desktop\Robot\LCData.X\LCData.asm
                _116loop_   0x000f4a    program     static C:\Users\Connal\Desktop\Robot\LCData.X\LCData.asm
                 _113wend   0x000f54    program     static C:\Users\Connal\Desktop\Robot\LCData.X\LCData.asm
                _117loop_   0x000f64    program     static C:\Users\Connal\Desktop\Robot\LCData.X\LCData.asm
                _118loop3   0x000f7a    program     static C:\Users\Connal\Desktop\Robot\LCData.X\LCData.asm
                _118loop2   0x000f8c    program     static C:\Users\Connal\Desktop\Robot\LCData.X\LCData.asm
                _118loop1   0x000f9e    program     static C:\Users\Connal\Desktop\Robot\LCData.X\LCData.asm
                  _118fin   0x000fb0    program     static C:\Users\Connal\Desktop\Robot\LCData.X\LCData.asm
                _119loop_   0x000fcc    program     static C:\Users\Connal\Desktop\Robot\LCData.X\LCData.asm
                _120loop_   0x000fe8    program     static C:\Users\Connal\Desktop\Robot\LCData.X\LCData.asm
                _121loop_   0x001002    program     static C:\Users\Connal\Desktop\Robot\LCData.X\LCData.asm
                _122loop_   0x00102a    program     static C:\Users\Connal\Desktop\Robot\LCData.X\LCData.asm
                _123loop_   0x00104a    program     static C:\Users\Connal\Desktop\Robot\LCData.X\LCData.asm
                _124wfull   0x001064    program     static C:\Users\Connal\Desktop\Robot\LCData.X\LCData.asm
                _125loop_   0x001074    program     static C:\Users\Connal\Desktop\Robot\LCData.X\LCData.asm
                _124whalf   0x001082    program     static C:\Users\Connal\Desktop\Robot\LCData.X\LCData.asm
                _126loop_   0x001092    program     static C:\Users\Connal\Desktop\Robot\LCData.X\LCData.asm
               _124wempty   0x0010a0    program     static C:\Users\Connal\Desktop\Robot\LCData.X\LCData.asm
                _127loop_   0x0010b0    program     static C:\Users\Connal\Desktop\Robot\LCData.X\LCData.asm
                 _124wend   0x0010ba    program     static C:\Users\Connal\Desktop\Robot\LCData.X\LCData.asm
                _128loop_   0x0010ca    program     static C:\Users\Connal\Desktop\Robot\LCData.X\LCData.asm
                _129loop3   0x0010e0    program     static C:\Users\Connal\Desktop\Robot\LCData.X\LCData.asm
                _129loop2   0x0010f2    program     static C:\Users\Connal\Desktop\Robot\LCData.X\LCData.asm
                _129loop1   0x001104    program     static C:\Users\Connal\Desktop\Robot\LCData.X\LCData.asm
                  _129fin   0x001116    program     static C:\Users\Connal\Desktop\Robot\LCData.X\LCData.asm
                _130loop_   0x001132    program     static C:\Users\Connal\Desktop\Robot\LCData.X\LCData.asm
                _131loop_   0x00114e    program     static C:\Users\Connal\Desktop\Robot\LCData.X\LCData.asm
                _132loop_   0x001168    program     static C:\Users\Connal\Desktop\Robot\LCData.X\LCData.asm
                _133loop_   0x001190    program     static C:\Users\Connal\Desktop\Robot\LCData.X\LCData.asm
                _134loop_   0x0011b0    program     static C:\Users\Connal\Desktop\Robot\LCData.X\LCData.asm
                _135wfull   0x0011ca    program     static C:\Users\Connal\Desktop\Robot\LCData.X\LCData.asm
                _136loop_   0x0011da    program     static C:\Users\Connal\Desktop\Robot\LCData.X\LCData.asm
                _135whalf   0x0011e8    program     static C:\Users\Connal\Desktop\Robot\LCData.X\LCData.asm
                _137loop_   0x0011f8    program     static C:\Users\Connal\Desktop\Robot\LCData.X\LCData.asm
               _135wempty   0x001206    program     static C:\Users\Connal\Desktop\Robot\LCData.X\LCData.asm
                _138loop_   0x001216    program     static C:\Users\Connal\Desktop\Robot\LCData.X\LCData.asm
                 _135wend   0x001220    program     static C:\Users\Connal\Desktop\Robot\LCData.X\LCData.asm
                _139loop_   0x001230    program     static C:\Users\Connal\Desktop\Robot\LCData.X\LCData.asm
                _140loop3   0x001246    program     static C:\Users\Connal\Desktop\Robot\LCData.X\LCData.asm
                _140loop2   0x001258    program     static C:\Users\Connal\Desktop\Robot\LCData.X\LCData.asm
                _140loop1   0x00126a    program     static C:\Users\Connal\Desktop\Robot\LCData.X\LCData.asm
                  _140fin   0x00127c    program     static C:\Users\Connal\Desktop\Robot\LCData.X\LCData.asm
                _141loop_   0x001298    program     static C:\Users\Connal\Desktop\Robot\LCData.X\LCData.asm
                _142loop_   0x0012b4    program     static C:\Users\Connal\Desktop\Robot\LCData.X\LCData.asm
                _143loop_   0x0012ce    program     static C:\Users\Connal\Desktop\Robot\LCData.X\LCData.asm
                _144loop_   0x0012f6    program     static C:\Users\Connal\Desktop\Robot\LCData.X\LCData.asm
                _145loop_   0x001316    program     static C:\Users\Connal\Desktop\Robot\LCData.X\LCData.asm
                _146wfull   0x001330    program     static C:\Users\Connal\Desktop\Robot\LCData.X\LCData.asm
                _147loop_   0x001340    program     static C:\Users\Connal\Desktop\Robot\LCData.X\LCData.asm
                _146whalf   0x00134e    program     static C:\Users\Connal\Desktop\Robot\LCData.X\LCData.asm
                _148loop_   0x00135e    program     static C:\Users\Connal\Desktop\Robot\LCData.X\LCData.asm
               _146wempty   0x00136c    program     static C:\Users\Connal\Desktop\Robot\LCData.X\LCData.asm
                _149loop_   0x00137c    program     static C:\Users\Connal\Desktop\Robot\LCData.X\LCData.asm
                 _146wend   0x001386    program     static C:\Users\Connal\Desktop\Robot\LCData.X\LCData.asm
                _150loop_   0x001396    program     static C:\Users\Connal\Desktop\Robot\LCData.X\LCData.asm
                _151loop3   0x0013ac    program     static C:\Users\Connal\Desktop\Robot\LCData.X\LCData.asm
                _151loop2   0x0013be    program     static C:\Users\Connal\Desktop\Robot\LCData.X\LCData.asm
                _151loop1   0x0013d0    program     static C:\Users\Connal\Desktop\Robot\LCData.X\LCData.asm
                  _151fin   0x0013e2    program     static C:\Users\Connal\Desktop\Robot\LCData.X\LCData.asm
                _152loop_   0x0013fe    program     static C:\Users\Connal\Desktop\Robot\LCData.X\LCData.asm
                _153loop_   0x00141a    program     static C:\Users\Connal\Desktop\Robot\LCData.X\LCData.asm
                _154loop_   0x001434    program     static C:\Users\Connal\Desktop\Robot\LCData.X\LCData.asm
                _155loop_   0x00145c    program     static C:\Users\Connal\Desktop\Robot\LCData.X\LCData.asm
                _156loop_   0x00147c    program     static C:\Users\Connal\Desktop\Robot\LCData.X\LCData.asm
                _157wfull   0x001496    program     static C:\Users\Connal\Desktop\Robot\LCData.X\LCData.asm
                _158loop_   0x0014a6    program     static C:\Users\Connal\Desktop\Robot\LCData.X\LCData.asm
                _157whalf   0x0014b4    program     static C:\Users\Connal\Desktop\Robot\LCData.X\LCData.asm
                _159loop_   0x0014c4    program     static C:\Users\Connal\Desktop\Robot\LCData.X\LCData.asm
               _157wempty   0x0014d2    program     static C:\Users\Connal\Desktop\Robot\LCData.X\LCData.asm
                _160loop_   0x0014e2    program     static C:\Users\Connal\Desktop\Robot\LCData.X\LCData.asm
                 _157wend   0x0014ec    program     static C:\Users\Connal\Desktop\Robot\LCData.X\LCData.asm
                _161loop_   0x0014fc    program     static C:\Users\Connal\Desktop\Robot\LCData.X\LCData.asm
                _162loop3   0x001512    program     static C:\Users\Connal\Desktop\Robot\LCData.X\LCData.asm
                _162loop2   0x001524    program     static C:\Users\Connal\Desktop\Robot\LCData.X\LCData.asm
                _162loop1   0x001536    program     static C:\Users\Connal\Desktop\Robot\LCData.X\LCData.asm
                  _162fin   0x001548    program     static C:\Users\Connal\Desktop\Robot\LCData.X\LCData.asm
                _163loop_   0x001564    program     static C:\Users\Connal\Desktop\Robot\LCData.X\LCData.asm
                _164loop_   0x001580    program     static C:\Users\Connal\Desktop\Robot\LCData.X\LCData.asm
                _165loop_   0x00159a    program     static C:\Users\Connal\Desktop\Robot\LCData.X\LCData.asm
                _166loop_   0x0015c2    program     static C:\Users\Connal\Desktop\Robot\LCData.X\LCData.asm
                _167loop_   0x0015e2    program     static C:\Users\Connal\Desktop\Robot\LCData.X\LCData.asm
                _168wfull   0x0015fc    program     static C:\Users\Connal\Desktop\Robot\LCData.X\LCData.asm
                _169loop_   0x00160c    program     static C:\Users\Connal\Desktop\Robot\LCData.X\LCData.asm
                _168whalf   0x00161a    program     static C:\Users\Connal\Desktop\Robot\LCData.X\LCData.asm
                _170loop_   0x00162a    program     static C:\Users\Connal\Desktop\Robot\LCData.X\LCData.asm
               _168wempty   0x001638    program     static C:\Users\Connal\Desktop\Robot\LCData.X\LCData.asm
                _171loop_   0x001648    program     static C:\Users\Connal\Desktop\Robot\LCData.X\LCData.asm
                 _168wend   0x001652    program     static C:\Users\Connal\Desktop\Robot\LCData.X\LCData.asm
                _172loop_   0x001662    program     static C:\Users\Connal\Desktop\Robot\LCData.X\LCData.asm
                _173loop3   0x001678    program     static C:\Users\Connal\Desktop\Robot\LCData.X\LCData.asm
                _173loop2   0x00168a    program     static C:\Users\Connal\Desktop\Robot\LCData.X\LCData.asm
                _173loop1   0x00169c    program     static C:\Users\Connal\Desktop\Robot\LCData.X\LCData.asm
                  _173fin   0x0016ae    program     static C:\Users\Connal\Desktop\Robot\LCData.X\LCData.asm
                _174loop_   0x0016ca    program     static C:\Users\Connal\Desktop\Robot\LCData.X\LCData.asm
                _175loop_   0x0016e6    program     static C:\Users\Connal\Desktop\Robot\LCData.X\LCData.asm
                _176loop_   0x001700    program     static C:\Users\Connal\Desktop\Robot\LCData.X\LCData.asm
                    shend   0x001712    program     static C:\Users\Connal\Desktop\Robot\LCData.X\LCData.asm
                _177loop_   0x001726    program     static C:\Users\Connal\Desktop\Robot\LCData.X\LCData.asm
                  setints   0x001738    program     static C:\Users\Connal\Desktop\Robot\LCData.X\LCData.asm
                show_gyro   0x001750    program     static C:\Users\Connal\Desktop\Robot\LCData.X\LCData.asm
                  show_MG   0x00175e    program     static C:\Users\Connal\Desktop\Robot\LCData.X\LCData.asm
                _180loop3   0x001782    program     static C:\Users\Connal\Desktop\Robot\LCData.X\LCData.asm
                _180loop2   0x001794    program     static C:\Users\Connal\Desktop\Robot\LCData.X\LCData.asm
                _180loop1   0x0017a6    program     static C:\Users\Connal\Desktop\Robot\LCData.X\LCData.asm
                  _180fin   0x0017b8    program     static C:\Users\Connal\Desktop\Robot\LCData.X\LCData.asm
                _182loop3   0x0017e2    program     static C:\Users\Connal\Desktop\Robot\LCData.X\LCData.asm
                _182loop2   0x0017f4    program     static C:\Users\Connal\Desktop\Robot\LCData.X\LCData.asm
                _182loop1   0x001806    program     static C:\Users\Connal\Desktop\Robot\LCData.X\LCData.asm
                  _182fin   0x001818    program     static C:\Users\Connal\Desktop\Robot\LCData.X\LCData.asm
                 show_RTC   0x00181e    program     static C:\Users\Connal\Desktop\Robot\LCData.X\LCData.asm
               fgetoptime   0x0018ae    program     static C:\Users\Connal\Desktop\Robot\LCData.X\LCData.asm
                _187loop_   0x0018c2    program     static C:\Users\Connal\Desktop\Robot\LCData.X\LCData.asm
             set_rtc_time   0x00190e    program     static C:\Users\Connal\Desktop\Robot\LCData.X\LCData.asm
                     OneS   0x00199c    program     static C:\Users\Connal\Desktop\Robot\LCData.X\LCData.asm
                 _0OneS_0   0x0019a8    program     static C:\Users\Connal\Desktop\Robot\LCData.X\LCData.asm
                       l8   0x0019b0    program     static C:\Users\Connal\Desktop\Robot\LCData.X\LCData.asm
                       l9   0x0019b6    program     static C:\Users\Connal\Desktop\Robot\LCData.X\LCData.asm
                      l10   0x0019be    program     static C:\Users\Connal\Desktop\Robot\LCData.X\LCData.asm
             count_module   0x0019c4    program     static C:\Users\Connal\Desktop\Robot\LCData.X\LCData.asm
                    cwait   0x0019cc    program     static C:\Users\Connal\Desktop\Robot\LCData.X\LCData.asm
                LS_module   0x0019e4    program     static C:\Users\Connal\Desktop\Robot\LCData.X\LCData.asm
                   LSloop   0x0019ec    program     static C:\Users\Connal\Desktop\Robot\LCData.X\LCData.asm
               PWM_module   0x0019f6    program     static C:\Users\Connal\Desktop\Robot\LCData.X\LCData.asm
                  PWMinit   0x0019f6    program     static C:\Users\Connal\Desktop\Robot\LCData.X\LCData.asm
                  pwmwait   0x001a16    program     static C:\Users\Connal\Desktop\Robot\LCData.X\LCData.asm
                test50100   0x001a1a    program     static C:\Users\Connal\Desktop\Robot\LCData.X\LCData.asm
                   setPWM   0x001a62    program     static C:\Users\Connal\Desktop\Robot\LCData.X\LCData.asm
               DirectionC   0x001a6c    program     static C:\Users\Connal\Desktop\Robot\LCData.X\LCData.asm
                    armUS   0x001ae2    program     static C:\Users\Connal\Desktop\Robot\LCData.X\LCData.asm
                _199loop_   0x001af8    program     static C:\Users\Connal\Desktop\Robot\LCData.X\LCData.asm
                  aloopUS   0x001b02    program     static C:\Users\Connal\Desktop\Robot\LCData.X\LCData.asm
                   apause   0x001b0e    program     static C:\Users\Connal\Desktop\Robot\LCData.X\LCData.asm
                      aw1   0x001b16    program     static C:\Users\Connal\Desktop\Robot\LCData.X\LCData.asm
                      aw2   0x001b20    program     static C:\Users\Connal\Desktop\Robot\LCData.X\LCData.asm
                   aendUS   0x001b3a    program     static C:\Users\Connal\Desktop\Robot\LCData.X\LCData.asm
                _200loop3   0x001b4c    program     static C:\Users\Connal\Desktop\Robot\LCData.X\LCData.asm
                _200loop2   0x001b5e    program     static C:\Users\Connal\Desktop\Robot\LCData.X\LCData.asm
                _200loop1   0x001b70    program     static C:\Users\Connal\Desktop\Robot\LCData.X\LCData.asm
                  _200fin   0x001b82    program     static C:\Users\Connal\Desktop\Robot\LCData.X\LCData.asm
                     us0c   0x001b98    program     static C:\Users\Connal\Desktop\Robot\LCData.X\LCData.asm
                US_module   0x001b98    program     static C:\Users\Connal\Desktop\Robot\LCData.X\LCData.asm
                   loopUS   0x001bb0    program     static C:\Users\Connal\Desktop\Robot\LCData.X\LCData.asm
                    pause   0x001bc0    program     static C:\Users\Connal\Desktop\Robot\LCData.X\LCData.asm
                       w1   0x001bc8    program     static C:\Users\Connal\Desktop\Robot\LCData.X\LCData.asm
                       w2   0x001bd2    program     static C:\Users\Connal\Desktop\Robot\LCData.X\LCData.asm
                    endUS   0x001bee    program     static C:\Users\Connal\Desktop\Robot\LCData.X\LCData.asm
                     us1c   0x001c04    program     static C:\Users\Connal\Desktop\Robot\LCData.X\LCData.asm
                  loopUS1   0x001c1a    program     static C:\Users\Connal\Desktop\Robot\LCData.X\LCData.asm
                   pause1   0x001c2a    program     static C:\Users\Connal\Desktop\Robot\LCData.X\LCData.asm
                      w11   0x001c32    program     static C:\Users\Connal\Desktop\Robot\LCData.X\LCData.asm
                      w21   0x001c3c    program     static C:\Users\Connal\Desktop\Robot\LCData.X\LCData.asm
                   endUS1   0x001c58    program     static C:\Users\Connal\Desktop\Robot\LCData.X\LCData.asm
                      uss   0x001c66    program     static C:\Users\Connal\Desktop\Robot\LCData.X\LCData.asm
                     us2c   0x001c6e    program     static C:\Users\Connal\Desktop\Robot\LCData.X\LCData.asm
                  loopUS2   0x001c6e    program     static C:\Users\Connal\Desktop\Robot\LCData.X\LCData.asm
                   pause2   0x001c7e    program     static C:\Users\Connal\Desktop\Robot\LCData.X\LCData.asm
                      w12   0x001c86    program     static C:\Users\Connal\Desktop\Robot\LCData.X\LCData.asm
                      w22   0x001c90    program     static C:\Users\Connal\Desktop\Robot\LCData.X\LCData.asm
                   endUS2   0x001cac    program     static C:\Users\Connal\Desktop\Robot\LCData.X\LCData.asm
                     wait   0x001ccc    program     static C:\Users\Connal\Desktop\Robot\LCData.X\LCData.asm
              check_sense   0x001cd0    program     static C:\Users\Connal\Desktop\Robot\LCData.X\LCData.asm
                senseloop   0x001cd4    program     static C:\Users\Connal\Desktop\Robot\LCData.X\LCData.asm
                enchandle   0x001cdc    program     static C:\Users\Connal\Desktop\Robot\LCData.X\LCData.asm
                  rhandle   0x001cea    program     static C:\Users\Connal\Desktop\Robot\LCData.X\LCData.asm
                   encend   0x001cfa    program     static C:\Users\Connal\Desktop\Robot\LCData.X\LCData.asm
                 encextra   0x001cfc    program     static C:\Users\Connal\Desktop\Robot\LCData.X\LCData.asm
                  lhandle   0x001d04    program     static C:\Users\Connal\Desktop\Robot\LCData.X\LCData.asm
                   sdelay   0x001d0e    program     static C:\Users\Connal\Desktop\Robot\LCData.X\LCData.asm
                    sloop   0x001d12    program     static C:\Users\Connal\Desktop\Robot\LCData.X\LCData.asm
                   tdelay   0x001d1e    program     static C:\Users\Connal\Desktop\Robot\LCData.X\LCData.asm
                    tloop   0x001d22    program     static C:\Users\Connal\Desktop\Robot\LCData.X\LCData.asm
             lcdLongDelay   0x001d2e    program     static C:\Users\Connal\Desktop\Robot\LCData.X\LCData.asm
                 LLD_LOOP   0x001d32    program     static C:\Users\Connal\Desktop\Robot\LCData.X\LCData.asm
                LCD_DELAY   0x001d32    program     static C:\Users\Connal\Desktop\Robot\LCData.X\LCData.asm
                  WrtNum2   0x001d3a    program     static C:\Users\Connal\Desktop\Robot\LCData.X\LCData.asm
                   WrtNum   0x001d62    program     static C:\Users\Connal\Desktop\Robot\LCData.X\LCData.asm
                  InitLCD   0x001d7c    program     extern C:\Users\Connal\Desktop\Robot\LCData.X\lcd.asm
                  WR_DATA   0x001dd4    program     extern C:\Users\Connal\Desktop\Robot\LCData.X\lcd.asm
                   WR_INS   0x001dfa    program     extern C:\Users\Connal\Desktop\Robot\LCData.X\lcd.asm
                   WrtLCD   0x001e1e    program     extern C:\Users\Connal\Desktop\Robot\LCData.X\lcd.asm
                   tdelay   0x001e34    program     static C:\Users\Connal\Desktop\Robot\LCData.X\lcd.asm
                    tloop   0x001e38    program     static C:\Users\Connal\Desktop\Robot\LCData.X\lcd.asm
                   ClrLCD   0x001e44    program     extern C:\Users\Connal\Desktop\Robot\LCData.X\lcd.asm
                   ClkLCD   0x001e54    program     extern C:\Users\Connal\Desktop\Robot\LCData.X\lcd.asm
              _.code_00E4   0x001e60    program     static C:\Users\Connal\Desktop\Robot\LCData.X\lcd.asm
                   MovMSB   0x001e66    program     static C:\Users\Connal\Desktop\Robot\LCData.X\lcd.asm
             lcdLongDelay   0x001e70    program     static C:\Users\Connal\Desktop\Robot\LCData.X\lcd.asm
                 LLD_LOOP   0x001e74    program     static C:\Users\Connal\Desktop\Robot\LCData.X\lcd.asm
              _.code_00FE   0x001e7a    program     static C:\Users\Connal\Desktop\Robot\LCData.X\lcd.asm
                   COUNTH   0x000080       data     static C:\Users\Connal\Desktop\Robot\LCData.X\LCData.asm
                   COUNTM   0x000081       data     static C:\Users\Connal\Desktop\Robot\LCData.X\LCData.asm
                   COUNTL   0x000082       data     static C:\Users\Connal\Desktop\Robot\LCData.X\LCData.asm
                  lcd_tmp   0x000083       data     static C:\Users\Connal\Desktop\Robot\LCData.X\lcd.asm
                   lcd_d1   0x000084       data     static C:\Users\Connal\Desktop\Robot\LCData.X\lcd.asm
                   lcd_d2   0x000085       data     static C:\Users\Connal\Desktop\Robot\LCData.X\lcd.asm
                   lcd_td   0x000086       data     static C:\Users\Connal\Desktop\Robot\LCData.X\lcd.asm
                      dat   0x000087       data     static C:\Users\Connal\Desktop\Robot\LCData.X\lcd.asm
                      com   0x000088       data     static C:\Users\Connal\Desktop\Robot\LCData.X\lcd.asm


